Archive member included because of file (symbol)

C:\Users\moseichuk\AppData\Local\arduino15\packages\arduino\hardware\sam\1.6.11\variants\arduino_due_x/libsam_sam3x8e_gcc_rel.a(pio.o)
                              C:\Users\moseichuk\AppData\Local\Temp\VMBuilds\EGTS_Test_01\arduino_due_x_dbg\Debug\SdFat\SdSpiSAM3X.cpp.o (PIO_Configure)
C:\Users\moseichuk\AppData\Local\arduino15\packages\arduino\hardware\sam\1.6.11\variants\arduino_due_x/libsam_sam3x8e_gcc_rel.a(pmc.o)
                              C:\Users\moseichuk\AppData\Local\Temp\VMBuilds\EGTS_Test_01\arduino_due_x_dbg\Debug\SdFat\SdSpiSAM3X.cpp.o (pmc_enable_periph_clk)
C:\Users\moseichuk\AppData\Local\arduino15\packages\arduino\hardware\sam\1.6.11\variants\arduino_due_x/libsam_sam3x8e_gcc_rel.a(system_sam3xa.o)
                              C:\Users\moseichuk\AppData\Local\Temp\VMBuilds\EGTS_Test_01\arduino_due_x_dbg\Debug\variant\variant.cpp.o (SystemInit)
C:\Users\moseichuk\AppData\Local\arduino15\packages\arduino\hardware\sam\1.6.11\variants\arduino_due_x/libsam_sam3x8e_gcc_rel.a(startup_sam3xa.o)
                              (Reset_Handler)
C:\Users\moseichuk\AppData\Local\arduino15\packages\arduino\hardware\sam\1.6.11\variants\arduino_due_x/libsam_sam3x8e_gcc_rel.a(adc.o)
                              C:\Users\moseichuk\AppData\Local\Temp\VMBuilds\EGTS_Test_01\arduino_due_x_dbg\Debug\variant\variant.cpp.o (adc_init)
C:\Users\moseichuk\AppData\Local\arduino15\packages\arduino\hardware\sam\1.6.11\variants\arduino_due_x/libsam_sam3x8e_gcc_rel.a(uotghs.o)
                              C:\Users\moseichuk\AppData\Local\arduino15\packages\arduino\hardware\sam\1.6.11\variants\arduino_due_x/libsam_sam3x8e_gcc_rel.a(startup_sam3xa.o) (UOTGHS_Handler)
C:\Users\moseichuk\AppData\Local\Temp\VMBuilds\EGTS_Test_01\arduino_due_x_dbg\Debug/core.a(cortex_handlers.c.o)
                              C:\Users\moseichuk\AppData\Local\arduino15\packages\arduino\hardware\sam\1.6.11\variants\arduino_due_x/libsam_sam3x8e_gcc_rel.a(startup_sam3xa.o) (NMI_Handler)
C:\Users\moseichuk\AppData\Local\Temp\VMBuilds\EGTS_Test_01\arduino_due_x_dbg\Debug/core.a(hooks.c.o)
                              C:\Users\moseichuk\AppData\Local\Temp\VMBuilds\EGTS_Test_01\arduino_due_x_dbg\Debug/core.a(cortex_handlers.c.o) (sysTickHook)
C:\Users\moseichuk\AppData\Local\Temp\VMBuilds\EGTS_Test_01\arduino_due_x_dbg\Debug/core.a(syscalls_sam3.c.o)
                              (_sbrk)
C:\Users\moseichuk\AppData\Local\Temp\VMBuilds\EGTS_Test_01\arduino_due_x_dbg\Debug/core.a(wiring.c.o)
                              C:\Users\moseichuk\AppData\Local\Temp\VMBuilds\EGTS_Test_01\arduino_due_x_dbg\Debug\SdFat\SdSpiCard.cpp.o (millis)
C:\Users\moseichuk\AppData\Local\Temp\VMBuilds\EGTS_Test_01\arduino_due_x_dbg\Debug/core.a(wiring_analog.c.o)
                              C:\Users\moseichuk\AppData\Local\Temp\VMBuilds\EGTS_Test_01\arduino_due_x_dbg\Debug\variant\variant.cpp.o (analogOutputInit)
C:\Users\moseichuk\AppData\Local\Temp\VMBuilds\EGTS_Test_01\arduino_due_x_dbg\Debug/core.a(wiring_digital.c.o)
                              C:\Users\moseichuk\AppData\Local\Temp\VMBuilds\EGTS_Test_01\arduino_due_x_dbg\Debug\SdFat\SdSpiCard.cpp.o (pinMode)
C:\Users\moseichuk\AppData\Local\Temp\VMBuilds\EGTS_Test_01\arduino_due_x_dbg\Debug/core.a(main.cpp.o)
                              c:/users/moseichuk/appdata/local/arduino15/packages/arduino/tools/arm-none-eabi-gcc/4.8.3-2014q1/bin/../lib/gcc/arm-none-eabi/4.8.3/../../../../arm-none-eabi/lib/armv7-m/crt0.o (main)
C:\Users\moseichuk\AppData\Local\Temp\VMBuilds\EGTS_Test_01\arduino_due_x_dbg\Debug/core.a(Print.cpp.o)
                              C:\Users\moseichuk\AppData\Local\Temp\VMBuilds\EGTS_Test_01\arduino_due_x_dbg\Debug\SdFat\SdFatBase.cpp.o (Print::print(__FlashStringHelper const*))
C:\Users\moseichuk\AppData\Local\Temp\VMBuilds\EGTS_Test_01\arduino_due_x_dbg\Debug/core.a(Reset.cpp.o)
                              C:\Users\moseichuk\AppData\Local\Temp\VMBuilds\EGTS_Test_01\arduino_due_x_dbg\Debug/core.a(cortex_handlers.c.o) (tickReset)
C:\Users\moseichuk\AppData\Local\Temp\VMBuilds\EGTS_Test_01\arduino_due_x_dbg\Debug/core.a(RingBuffer.cpp.o)
                              C:\Users\moseichuk\AppData\Local\Temp\VMBuilds\EGTS_Test_01\arduino_due_x_dbg\Debug\variant\variant.cpp.o (RingBuffer::RingBuffer())
C:\Users\moseichuk\AppData\Local\Temp\VMBuilds\EGTS_Test_01\arduino_due_x_dbg\Debug/core.a(UARTClass.cpp.o)
                              C:\Users\moseichuk\AppData\Local\Temp\VMBuilds\EGTS_Test_01\arduino_due_x_dbg\Debug\variant\variant.cpp.o (UARTClass::available())
C:\Users\moseichuk\AppData\Local\Temp\VMBuilds\EGTS_Test_01\arduino_due_x_dbg\Debug/core.a(USARTClass.cpp.o)
                              C:\Users\moseichuk\AppData\Local\Temp\VMBuilds\EGTS_Test_01\arduino_due_x_dbg\Debug\variant\variant.cpp.o (USARTClass::USARTClass(Usart*, IRQn, unsigned long, RingBuffer*, RingBuffer*))
[...]
Memory Configuration

Name             Origin             Length             Attributes
rom              0x00080000         0x00080000         xr
sram0            0x20000000         0x00010000         xrw
sram1            0x20080000         0x00008000         xrw
ram              0x20070000         0x00018000         xrw
*default*        0x00000000         0xffffffff

Linker script and memory map

LOAD c:/users/moseichuk/appdata/local/arduino15/packages/arduino/tools/arm-none-eabi-gcc/4.8.3-2014q1/bin/../lib/gcc/arm-none-eabi/4.8.3/armv7-m/crti.o
LOAD c:/users/moseichuk/appdata/local/arduino15/packages/arduino/tools/arm-none-eabi-gcc/4.8.3-2014q1/bin/../lib/gcc/arm-none-eabi/4.8.3/armv7-m/crtbegin.o
LOAD c:/users/moseichuk/appdata/local/arduino15/packages/arduino/tools/arm-none-eabi-gcc/4.8.3-2014q1/bin/../lib/gcc/arm-none-eabi/4.8.3/../../../../arm-none-eabi/lib/armv7-m/crt0.o
START GROUP
LOAD C:\Users\moseichuk\AppData\Local\Temp\VMBuilds\EGTS_Test_01\arduino_due_x_dbg\Debug\EGTS_Test_01.cpp.o
LOAD C:\Users\moseichuk\AppData\Local\Temp\VMBuilds\EGTS_Test_01\arduino_due_x_dbg\Debug\egts.c.o
LOAD C:\Users\moseichuk\AppData\Local\Temp\VMBuilds\EGTS_Test_01\arduino_due_x_dbg\Debug\lib.c.o
LOAD C:\Users\moseichuk\AppData\Local\Temp\VMBuilds\EGTS_Test_01\arduino_due_x_dbg\Debug\SdFat\MinimumSerial.cpp.o
LOAD C:\Users\moseichuk\AppData\Local\Temp\VMBuilds\EGTS_Test_01\arduino_due_x_dbg\Debug\SdFat\SdFatBase.cpp.o
LOAD C:\Users\moseichuk\AppData\Local\Temp\VMBuilds\EGTS_Test_01\arduino_due_x_dbg\Debug\SdFat\SdFatUtil.cpp.o
LOAD C:\Users\moseichuk\AppData\Local\Temp\VMBuilds\EGTS_Test_01\arduino_due_x_dbg\Debug\SdFat\SdSpiCard.cpp.o
LOAD C:\Users\moseichuk\AppData\Local\Temp\VMBuilds\EGTS_Test_01\arduino_due_x_dbg\Debug\SdFat\SdSpiSAM3X.cpp.o
LOAD C:\Users\moseichuk\AppData\Local\Temp\VMBuilds\EGTS_Test_01\arduino_due_x_dbg\Debug\SdFat\SdSpiSTM32F1.cpp.o
LOAD C:\Users\moseichuk\AppData\Local\Temp\VMBuilds\EGTS_Test_01\arduino_due_x_dbg\Debug\SdFat\SdSpiTeensy3.cpp.o
LOAD C:\Users\moseichuk\AppData\Local\Temp\VMBuilds\EGTS_Test_01\arduino_due_x_dbg\Debug\SdFat\utility\FatFile.cpp.o
LOAD C:\Users\moseichuk\AppData\Local\Temp\VMBuilds\EGTS_Test_01\arduino_due_x_dbg\Debug\SdFat\utility\FatFileLFN.cpp.o
LOAD C:\Users\moseichuk\AppData\Local\Temp\VMBuilds\EGTS_Test_01\arduino_due_x_dbg\Debug\SdFat\utility\FatFilePrint.cpp.o
LOAD C:\Users\moseichuk\AppData\Local\Temp\VMBuilds\EGTS_Test_01\arduino_due_x_dbg\Debug\SdFat\utility\FatFileSFN.cpp.o
LOAD C:\Users\moseichuk\AppData\Local\Temp\VMBuilds\EGTS_Test_01\arduino_due_x_dbg\Debug\SdFat\utility\FatVolume.cpp.o
LOAD C:\Users\moseichuk\AppData\Local\Temp\VMBuilds\EGTS_Test_01\arduino_due_x_dbg\Debug\SdFat\utility\FmtNumber.cpp.o
LOAD C:\Users\moseichuk\AppData\Local\Temp\VMBuilds\EGTS_Test_01\arduino_due_x_dbg\Debug\SdFat\utility\fstream.cpp.o
LOAD C:\Users\moseichuk\AppData\Local\Temp\VMBuilds\EGTS_Test_01\arduino_due_x_dbg\Debug\SdFat\utility\istream.cpp.o
LOAD C:\Users\moseichuk\AppData\Local\Temp\VMBuilds\EGTS_Test_01\arduino_due_x_dbg\Debug\SdFat\utility\ostream.cpp.o
LOAD C:\Users\moseichuk\AppData\Local\Temp\VMBuilds\EGTS_Test_01\arduino_due_x_dbg\Debug\SdFat\utility\StdioStream.cpp.o
LOAD C:\Users\moseichuk\AppData\Local\Temp\VMBuilds\EGTS_Test_01\arduino_due_x_dbg\Debug\variant\variant.cpp.o
LOAD C:\Users\moseichuk\AppData\Local\arduino15\packages\arduino\hardware\sam\1.6.11\variants\arduino_due_x/libsam_sam3x8e_gcc_rel.a
LOAD C:\Users\moseichuk\AppData\Local\Temp\VMBuilds\EGTS_Test_01\arduino_due_x_dbg\Debug/core.a
END GROUP
LOAD c:/users/moseichuk/appdata/local/arduino15/packages/arduino/tools/arm-none-eabi-gcc/4.8.3-2014q1/bin/../lib/gcc/arm-none-eabi/4.8.3/../../../../arm-none-eabi/lib/armv7-m\libm.a
START GROUP
LOAD c:/users/moseichuk/appdata/local/arduino15/packages/arduino/tools/arm-none-eabi-gcc/4.8.3-2014q1/bin/../lib/gcc/arm-none-eabi/4.8.3/armv7-m\libgcc.a
LOAD c:/users/moseichuk/appdata/local/arduino15/packages/arduino/tools/arm-none-eabi-gcc/4.8.3-2014q1/bin/../lib/gcc/arm-none-eabi/4.8.3/../../../../arm-none-eabi/lib/armv7-m\libg.a
LOAD c:/users/moseichuk/appdata/local/arduino15/packages/arduino/tools/arm-none-eabi-gcc/4.8.3-2014q1/bin/../lib/gcc/arm-none-eabi/4.8.3/../../../../arm-none-eabi/lib/armv7-m\libc.a
END GROUP
LOAD c:/users/moseichuk/appdata/local/arduino15/packages/arduino/tools/arm-none-eabi-gcc/4.8.3-2014q1/bin/../lib/gcc/arm-none-eabi/4.8.3/armv7-m/crtend.o
LOAD c:/users/moseichuk/appdata/local/arduino15/packages/arduino/tools/arm-none-eabi-gcc/4.8.3-2014q1/bin/../lib/gcc/arm-none-eabi/4.8.3/armv7-m/crtn.o

.text           0x00080000     0xb1d8
                0x00080000                . = ALIGN (0x4)
                0x00080000                _sfixed = .
 *(.vectors .vectors.*)
 .vectors       0x00080000       0xf4 C:\Users\moseichuk\AppData\Local\arduino15\packages\arduino\hardware\sam\1.6.11\variants\arduino_due_x/libsam_sam3x8e_gcc_rel.a(startup_sam3xa.o)
                0x00080000                exception_table
 *(.text .text.* .gnu.linkonce.t.*)
 .text          0x000800f4       0x54 c:/users/moseichuk/appdata/local/arduino15/packages/arduino/tools/arm-none-eabi-gcc/4.8.3-2014q1/bin/../lib/gcc/arm-none-eabi/4.8.3/armv7-m/crtbegin.o
 .text._ZN9PrintFile5writeEPKhj
                0x00080148        0x6 C:\Users\moseichuk\AppData\Local\Temp\VMBuilds\EGTS_Test_01\arduino_due_x_dbg\Debug\EGTS_Test_01.cpp.o
                0x00080148                PrintFile::write(unsigned char const*, unsigned int)
 .text._ZN9SdFatBase9readBlockEmPh
                0x0008014e        0x8 C:\Users\moseichuk\AppData\Local\Temp\VMBuilds\EGTS_Test_01\arduino_due_x_dbg\Debug\EGTS_Test_01.cpp.o
                0x0008014e                SdFatBase::readBlock(unsigned long, unsigned char*)
 .text._ZN9SdFatBase10writeBlockEmPKh
                0x00080156        0x8 C:\Users\moseichuk\AppData\Local\Temp\VMBuilds\EGTS_Test_01\arduino_due_x_dbg\Debug\EGTS_Test_01.cpp.o
                0x00080156                SdFatBase::writeBlock(unsigned long, unsigned char const*)
 .text._ZN9SdFatBase10readBlocksEmPhj
                0x0008015e        0x8 C:\Users\moseichuk\AppData\Local\Temp\VMBuilds\EGTS_Test_01\arduino_due_x_dbg\Debug\EGTS_Test_01.cpp.o
                0x0008015e                SdFatBase::readBlocks(unsigned long, unsigned char*, unsigned int)
 .text._ZN9SdFatBase11writeBlocksEmPKhj
                0x00080166        0x8 C:\Users\moseichuk\AppData\Local\Temp\VMBuilds\EGTS_Test_01\arduino_due_x_dbg\Debug\EGTS_Test_01.cpp.o
                0x00080166                SdFatBase::writeBlocks(unsigned long, unsigned char const*, unsigned int)
 .text._ZN9PrintFile5writeEh
                0x0008016e       0x18 C:\Users\moseichuk\AppData\Local\Temp\VMBuilds\EGTS_Test_01\arduino_due_x_dbg\Debug\EGTS_Test_01.cpp.o
                0x0008016e                PrintFile::write(unsigned char)
 *fill*         0x00080186        0x2 
 .text._Z5ToHexi
                0x00080188       0x20 C:\Users\moseichuk\AppData\Local\Temp\VMBuilds\EGTS_Test_01\arduino_due_x_dbg\Debug\EGTS_Test_01.cpp.o
                0x00080188                ToHex(int)
 .text._Z9writeOnSDiPKc
                0x000801a8       0x8c C:\Users\moseichuk\AppData\Local\Temp\VMBuilds\EGTS_Test_01\arduino_due_x_dbg\Debug\EGTS_Test_01.cpp.o
                0x000801a8                writeOnSD(int, char const*)
 .text.loop     0x00080234        0x2 C:\Users\moseichuk\AppData\Local\Temp\VMBuilds\EGTS_Test_01\arduino_due_x_dbg\Debug\EGTS_Test_01.cpp.o
                0x00080234                loop
 *fill*         0x00080236        0x2 
 .text.startup._GLOBAL__sub_I_records
                0x00080238       0x28 C:\Users\moseichuk\AppData\Local\Temp\VMBuilds\EGTS_Test_01\arduino_due_x_dbg\Debug\EGTS_Test_01.cpp.o
 .text._Z10testOutputi
                0x00080260       0xb4 C:\Users\moseichuk\AppData\Local\Temp\VMBuilds\EGTS_Test_01\arduino_due_x_dbg\Debug\EGTS_Test_01.cpp.o
                0x00080260                testOutput(int)
 *fill*         0x00080314        0x4 
 .text.setup    0x00080318      0x1e0 C:\Users\moseichuk\AppData\Local\Temp\VMBuilds\EGTS_Test_01\arduino_due_x_dbg\Debug\EGTS_Test_01.cpp.o
                0x00080318                setup
 .text.packet_create
                0x000804f8       0x2c C:\Users\moseichuk\AppData\Local\Temp\VMBuilds\EGTS_Test_01\arduino_due_x_dbg\Debug\egts.c.o
                0x000804f8                packet_create
 .text.CRC8EGTS
                0x00080524       0x20 C:\Users\moseichuk\AppData\Local\Temp\VMBuilds\EGTS_Test_01\arduino_due_x_dbg\Debug\egts.c.o
                0x00080524                CRC8EGTS
 .text.CRC16EGTS
                0x00080544       0x2c C:\Users\moseichuk\AppData\Local\Temp\VMBuilds\EGTS_Test_01\arduino_due_x_dbg\Debug\egts.c.o
                0x00080544                CRC16EGTS
 .text.packet_finalize
                0x00080570       0x34 C:\Users\moseichuk\AppData\Local\Temp\VMBuilds\EGTS_Test_01\arduino_due_x_dbg\Debug\egts.c.o
                0x00080570                packet_finalize
 .text.packet_add_record_header
                0x000805a4       0x44 C:\Users\moseichuk\AppData\Local\Temp\VMBuilds\EGTS_Test_01\arduino_due_x_dbg\Debug\egts.c.o
                0x000805a4                packet_add_record_header
 .text.packet_add_subrecord_header
                0x000805e8       0x18 C:\Users\moseichuk\AppData\Local\Temp\VMBuilds\EGTS_Test_01\arduino_due_x_dbg\Debug\egts.c.o
                0x000805e8                packet_add_subrecord_header
 .text.packet_add_subrecord_EGTS_SR_TERM_IDENTITY
                0x00080600       0x68 C:\Users\moseichuk\AppData\Local\Temp\VMBuilds\EGTS_Test_01\arduino_due_x_dbg\Debug\egts.c.o
                0x00080600                packet_add_subrecord_EGTS_SR_TERM_IDENTITY
 .text.packet_add_subrecord_EGTS_SR_POS_DATA_RECORD
                0x00080668      0x148 C:\Users\moseichuk\AppData\Local\Temp\VMBuilds\EGTS_Test_01\arduino_due_x_dbg\Debug\egts.c.o
                0x00080668                packet_add_subrecord_EGTS_SR_POS_DATA_RECORD
 .text.packet_add_subrecord_EGTS_SR_EXT_POS_DATA_RECORD
                0x000807b0       0x2a C:\Users\moseichuk\AppData\Local\Temp\VMBuilds\EGTS_Test_01\arduino_due_x_dbg\Debug\egts.c.o
                0x000807b0                packet_add_subrecord_EGTS_SR_EXT_POS_DATA_RECORD
 .text.packet_add_subrecord_EGTS_SR_LIQUID_LEVEL_SENSOR_RECORD
                0x000807da       0x30 C:\Users\moseichuk\AppData\Local\Temp\VMBuilds\EGTS_Test_01\arduino_due_x_dbg\Debug\egts.c.o
                0x000807da                packet_add_subrecord_EGTS_SR_LIQUID_LEVEL_SENSOR_RECORD
 .text.terminal_encode
                0x0008080a       0xd6 C:\Users\moseichuk\AppData\Local\Temp\VMBuilds\EGTS_Test_01\arduino_due_x_dbg\Debug\egts.c.o
                0x0008080a                terminal_encode
 .text._ZN9SdSpiCard14chipSelectHighEv
                0x000808e0       0x18 C:\Users\moseichuk\AppData\Local\Temp\VMBuilds\EGTS_Test_01\arduino_due_x_dbg\Debug\SdFat\SdSpiCard.cpp.o
                0x000808e0                SdSpiCard::chipSelectHigh()
 .text._ZN9SdSpiCard13chipSelectLowEv
                0x000808f8       0x18 C:\Users\moseichuk\AppData\Local\Temp\VMBuilds\EGTS_Test_01\arduino_due_x_dbg\Debug\SdFat\SdSpiCard.cpp.o
                0x000808f8                SdSpiCard::chipSelectLow()
 .text._ZN9SdSpiCard8readDataEPhj
                0x00080910       0x68 C:\Users\moseichuk\AppData\Local\Temp\VMBuilds\EGTS_Test_01\arduino_due_x_dbg\Debug\SdFat\SdSpiCard.cpp.o
                0x00080910                SdSpiCard::readData(unsigned char*, unsigned int)
 .text._ZN9SdSpiCard8readDataEPh
                0x00080978       0x1a C:\Users\moseichuk\AppData\Local\Temp\VMBuilds\EGTS_Test_01\arduino_due_x_dbg\Debug\SdFat\SdSpiCard.cpp.o
                0x00080978                SdSpiCard::readData(unsigned char*)
 .text._ZN9SdSpiCard11waitNotBusyEt
                0x00080992       0x2c C:\Users\moseichuk\AppData\Local\Temp\VMBuilds\EGTS_Test_01\arduino_due_x_dbg\Debug\SdFat\SdSpiCard.cpp.o
                0x00080992                SdSpiCard::waitNotBusy(unsigned short)
 .text._ZN9SdSpiCard11cardCommandEhm
                0x000809be       0x68 C:\Users\moseichuk\AppData\Local\Temp\VMBuilds\EGTS_Test_01\arduino_due_x_dbg\Debug\SdFat\SdSpiCard.cpp.o
                0x000809be                SdSpiCard::cardCommand(unsigned char, unsigned long)
 .text._ZN9SdSpiCard5beginEP5SdSpihh
                0x00080a26      0x136 C:\Users\moseichuk\AppData\Local\Temp\VMBuilds\EGTS_Test_01\arduino_due_x_dbg\Debug\SdFat\SdSpiCard.cpp.o
                0x00080a26                SdSpiCard::begin(SdSpi*, unsigned char, unsigned char)
 .text._ZN9SdSpiCard9readBlockEmPh
                0x00080b5c       0x38 C:\Users\moseichuk\AppData\Local\Temp\VMBuilds\EGTS_Test_01\arduino_due_x_dbg\Debug\SdFat\SdSpiCard.cpp.o
                0x00080b5c                SdSpiCard::readBlock(unsigned long, unsigned char*)
 .text._ZN9SdSpiCard9readStartEm
                0x00080b94       0x2e C:\Users\moseichuk\AppData\Local\Temp\VMBuilds\EGTS_Test_01\arduino_due_x_dbg\Debug\SdFat\SdSpiCard.cpp.o
                0x00080b94                SdSpiCard::readStart(unsigned long)
 .text._ZN9SdSpiCard8readStopEv
                0x00080bc2       0x26 C:\Users\moseichuk\AppData\Local\Temp\VMBuilds\EGTS_Test_01\arduino_due_x_dbg\Debug\SdFat\SdSpiCard.cpp.o
                0x00080bc2                SdSpiCard::readStop()
 .text._ZN9SdSpiCard10readBlocksEmPhj
                0x00080be8       0x34 C:\Users\moseichuk\AppData\Local\Temp\VMBuilds\EGTS_Test_01\arduino_due_x_dbg\Debug\SdFat\SdSpiCard.cpp.o
                0x00080be8                SdSpiCard::readBlocks(unsigned long, unsigned char*, unsigned int)
 .text._ZN9SdSpiCard9writeDataEhPKh
                0x00080c1c       0x4a C:\Users\moseichuk\AppData\Local\Temp\VMBuilds\EGTS_Test_01\arduino_due_x_dbg\Debug\SdFat\SdSpiCard.cpp.o
                0x00080c1c                SdSpiCard::writeData(unsigned char, unsigned char const*)
 .text._ZN9SdSpiCard10writeBlockEmPKh
                0x00080c66       0x42 C:\Users\moseichuk\AppData\Local\Temp\VMBuilds\EGTS_Test_01\arduino_due_x_dbg\Debug\SdFat\SdSpiCard.cpp.o
                0x00080c66                SdSpiCard::writeBlock(unsigned long, unsigned char const*)
 .text._ZN9SdSpiCard9writeDataEPKh
                0x00080ca8       0x3c C:\Users\moseichuk\AppData\Local\Temp\VMBuilds\EGTS_Test_01\arduino_due_x_dbg\Debug\SdFat\SdSpiCard.cpp.o
                0x00080ca8                SdSpiCard::writeData(unsigned char const*)
 .text._ZN9SdSpiCard10writeStartEmm
                0x00080ce4       0x4c C:\Users\moseichuk\AppData\Local\Temp\VMBuilds\EGTS_Test_01\arduino_due_x_dbg\Debug\SdFat\SdSpiCard.cpp.o
                0x00080ce4                SdSpiCard::writeStart(unsigned long, unsigned long)
 .text._ZN9SdSpiCard9writeStopEv
                0x00080d30       0x42 C:\Users\moseichuk\AppData\Local\Temp\VMBuilds\EGTS_Test_01\arduino_due_x_dbg\Debug\SdFat\SdSpiCard.cpp.o
                0x00080d30                SdSpiCard::writeStop()
 .text._ZN9SdSpiCard11writeBlocksEmPKhj
                0x00080d72       0x32 C:\Users\moseichuk\AppData\Local\Temp\VMBuilds\EGTS_Test_01\arduino_due_x_dbg\Debug\SdFat\SdSpiCard.cpp.o
                0x00080d72                SdSpiCard::writeBlocks(unsigned long, unsigned char const*, unsigned int)
 .text._ZN5SdSpi5beginEv
                0x00080da4       0x68 C:\Users\moseichuk\AppData\Local\Temp\VMBuilds\EGTS_Test_01\arduino_due_x_dbg\Debug\SdFat\SdSpiSAM3X.cpp.o
                0x00080da4                SdSpi::begin()
 .text._ZN5SdSpi4initEh
                0x00080e0c       0x28 C:\Users\moseichuk\AppData\Local\Temp\VMBuilds\EGTS_Test_01\arduino_due_x_dbg\Debug\SdFat\SdSpiSAM3X.cpp.o
                0x00080e0c                SdSpi::init(unsigned char)
 .text._ZN5SdSpi7receiveEv
                0x00080e34       0x18 C:\Users\moseichuk\AppData\Local\Temp\VMBuilds\EGTS_Test_01\arduino_due_x_dbg\Debug\SdFat\SdSpiSAM3X.cpp.o
                0x00080e34                SdSpi::receive()
 .text._ZN5SdSpi7receiveEPhj
                0x00080e4c       0x94 C:\Users\moseichuk\AppData\Local\Temp\VMBuilds\EGTS_Test_01\arduino_due_x_dbg\Debug\SdFat\SdSpiSAM3X.cpp.o
                0x00080e4c                SdSpi::receive(unsigned char*, unsigned int)
 .text._ZN5SdSpi4sendEh
                0x00080ee0       0x14 C:\Users\moseichuk\AppData\Local\Temp\VMBuilds\EGTS_Test_01\arduino_due_x_dbg\Debug\SdFat\SdSpiSAM3X.cpp.o
                0x00080ee0                SdSpi::send(unsigned char)
 .text._ZN5SdSpi4sendEPKhj
                0x00080ef4       0x60 C:\Users\moseichuk\AppData\Local\Temp\VMBuilds\EGTS_Test_01\arduino_due_x_dbg\Debug\SdFat\SdSpiSAM3X.cpp.o
                0x00080ef4                SdSpi::send(unsigned char const*, unsigned int)
 .text._ZN9FatVolume9cacheSyncEv
                0x00080f54       0x1a C:\Users\moseichuk\AppData\Local\Temp\VMBuilds\EGTS_Test_01\arduino_due_x_dbg\Debug\SdFat\utility\FatFile.cpp.o
                0x00080f54                FatVolume::cacheSync()
 .text._ZN7FatFile10addClusterEv
                0x00080f6e       0x14 C:\Users\moseichuk\AppData\Local\Temp\VMBuilds\EGTS_Test_01\arduino_due_x_dbg\Debug\SdFat\utility\FatFile.cpp.o
                0x00080f6e                FatFile::addCluster()
 *fill*         0x00080f82        0x2 
 .text._ZN7FatFile13addDirClusterEv
                0x00080f84       0x80 C:\Users\moseichuk\AppData\Local\Temp\VMBuilds\EGTS_Test_01\arduino_due_x_dbg\Debug\SdFat\utility\FatFile.cpp.o
                0x00080f84                FatFile::addDirCluster()
 .text._ZN7FatFile13cacheDirEntryEh
                0x00081004       0x1e C:\Users\moseichuk\AppData\Local\Temp\VMBuilds\EGTS_Test_01\arduino_due_x_dbg\Debug\SdFat\utility\FatFile.cpp.o
                0x00081004                FatFile::cacheDirEntry(unsigned char)
 .text._ZN7FatFile8openRootEP9FatVolume
                0x00081022       0x30 C:\Users\moseichuk\AppData\Local\Temp\VMBuilds\EGTS_Test_01\arduino_due_x_dbg\Debug\SdFat\utility\FatFile.cpp.o
                0x00081022                FatFile::openRoot(FatVolume*)
 .text._ZN7FatFile4readEPvj
                0x00081052      0x166 C:\Users\moseichuk\AppData\Local\Temp\VMBuilds\EGTS_Test_01\arduino_due_x_dbg\Debug\SdFat\utility\FatFile.cpp.o
                0x00081052                FatFile::read(void*, unsigned int)
 .text._ZN7FatFile12readDirCacheEb
                0x000811b8       0x3a C:\Users\moseichuk\AppData\Local\Temp\VMBuilds\EGTS_Test_01\arduino_due_x_dbg\Debug\SdFat\utility\FatFile.cpp.o
                0x000811b8                FatFile::readDirCache(bool)
 .text._ZN7FatFile7seekSetEm
                0x000811f2       0x7e C:\Users\moseichuk\AppData\Local\Temp\VMBuilds\EGTS_Test_01\arduino_due_x_dbg\Debug\SdFat\utility\FatFile.cpp.o
                0x000811f2                FatFile::seekSet(unsigned long)
 .text._ZN7FatFile15openCachedEntryEPS_thh
                0x00081270       0xa0 C:\Users\moseichuk\AppData\Local\Temp\VMBuilds\EGTS_Test_01\arduino_due_x_dbg\Debug\SdFat\utility\FatFile.cpp.o
                0x00081270                FatFile::openCachedEntry(FatFile*, unsigned short, unsigned char, unsigned char)
 .text._ZN7FatFile4syncEv
                0x00081310       0x6c C:\Users\moseichuk\AppData\Local\Temp\VMBuilds\EGTS_Test_01\arduino_due_x_dbg\Debug\SdFat\utility\FatFile.cpp.o
                0x00081310                FatFile::sync()
 .text._ZN7FatFile5closeEv
                0x0008137c        0xe C:\Users\moseichuk\AppData\Local\Temp\VMBuilds\EGTS_Test_01\arduino_due_x_dbg\Debug\SdFat\utility\FatFile.cpp.o
                0x0008137c                FatFile::close()
 .text._ZN7FatFile4openEPS_PKch
                0x0008138a       0x9a C:\Users\moseichuk\AppData\Local\Temp\VMBuilds\EGTS_Test_01\arduino_due_x_dbg\Debug\SdFat\utility\FatFile.cpp.o
                0x0008138a                FatFile::open(FatFile*, char const*, unsigned char)
 .text._ZN7FatFile5writeEPKvj
                0x00081424      0x18c C:\Users\moseichuk\AppData\Local\Temp\VMBuilds\EGTS_Test_01\arduino_due_x_dbg\Debug\SdFat\utility\FatFile.cpp.o
                0x00081424                FatFile::write(void const*, unsigned int)
 .text._ZL10lfnGetCharP18longDirectoryEntryh
                0x000815b0       0x2c C:\Users\moseichuk\AppData\Local\Temp\VMBuilds\EGTS_Test_01\arduino_due_x_dbg\Debug\SdFat\utility\FatFileLFN.cpp.o
 .text._ZN7FatFile11lfnChecksumEPh
                0x000815dc       0x1e C:\Users\moseichuk\AppData\Local\Temp\VMBuilds\EGTS_Test_01\arduino_due_x_dbg\Debug\SdFat\utility\FatFileLFN.cpp.o
                0x000815dc                FatFile::lfnChecksum(unsigned char*)
 .text._ZN7FatFile13parsePathNameEPKcP7fname_tPS1_
                0x000815fa      0x1ba C:\Users\moseichuk\AppData\Local\Temp\VMBuilds\EGTS_Test_01\arduino_due_x_dbg\Debug\SdFat\utility\FatFileLFN.cpp.o
                0x000815fa                FatFile::parsePathName(char const*, fname_t*, char const**)
 .text._ZN7FatFile12lfnUniqueSfnEP7fname_t
                0x000817b4       0x9e C:\Users\moseichuk\AppData\Local\Temp\VMBuilds\EGTS_Test_01\arduino_due_x_dbg\Debug\SdFat\utility\FatFileLFN.cpp.o
                0x000817b4                FatFile::lfnUniqueSfn(fname_t*)
 *fill*         0x00081852        0x2 
 .text._ZN7FatFile4openEPS_P7fname_th
                0x00081854      0x34c C:\Users\moseichuk\AppData\Local\Temp\VMBuilds\EGTS_Test_01\arduino_due_x_dbg\Debug\SdFat\utility\FatFileLFN.cpp.o
                0x00081854                FatFile::open(FatFile*, fname_t*, unsigned char)
 .text._ZN5Print5writeEPKc
                0x00081ba0       0x1e C:\Users\moseichuk\AppData\Local\Temp\VMBuilds\EGTS_Test_01\arduino_due_x_dbg\Debug\SdFat\utility\FatFilePrint.cpp.o
                0x00081ba0                Print::write(char const*)
 .text._ZN8FatCache4syncEv
                0x00081bbe       0x4e C:\Users\moseichuk\AppData\Local\Temp\VMBuilds\EGTS_Test_01\arduino_due_x_dbg\Debug\SdFat\utility\FatVolume.cpp.o
                0x00081bbe                FatCache::sync()
 .text._ZN8FatCache4readEmh
                0x00081c0c       0x48 C:\Users\moseichuk\AppData\Local\Temp\VMBuilds\EGTS_Test_01\arduino_due_x_dbg\Debug\SdFat\utility\FatVolume.cpp.o
                0x00081c0c                FatCache::read(unsigned long, unsigned char)
 .text._ZNK9FatVolume17clusterStartBlockEm
                0x00081c54        0xc C:\Users\moseichuk\AppData\Local\Temp\VMBuilds\EGTS_Test_01\arduino_due_x_dbg\Debug\SdFat\utility\FatVolume.cpp.o
                0x00081c54                FatVolume::clusterStartBlock(unsigned long) const
 .text._ZN9FatVolume6fatGetEmPm
                0x00081c60       0x62 C:\Users\moseichuk\AppData\Local\Temp\VMBuilds\EGTS_Test_01\arduino_due_x_dbg\Debug\SdFat\utility\FatVolume.cpp.o
                0x00081c60                FatVolume::fatGet(unsigned long, unsigned long*)
 .text._ZN9FatVolume6fatPutEmm
                0x00081cc2       0x50 C:\Users\moseichuk\AppData\Local\Temp\VMBuilds\EGTS_Test_01\arduino_due_x_dbg\Debug\SdFat\utility\FatVolume.cpp.o
                0x00081cc2                FatVolume::fatPut(unsigned long, unsigned long)
 .text._ZN9FatVolume15allocateClusterEmPm
                0x00081d12       0x6a C:\Users\moseichuk\AppData\Local\Temp\VMBuilds\EGTS_Test_01\arduino_due_x_dbg\Debug\SdFat\utility\FatVolume.cpp.o
                0x00081d12                FatVolume::allocateCluster(unsigned long, unsigned long*)
 .text._ZN9FatVolume9freeChainEm
                0x00081d7c       0x38 C:\Users\moseichuk\AppData\Local\Temp\VMBuilds\EGTS_Test_01\arduino_due_x_dbg\Debug\SdFat\utility\FatVolume.cpp.o
                0x00081d7c                FatVolume::freeChain(unsigned long)
 .text._ZN9FatVolume4initEh
                0x00081db4       0xfa C:\Users\moseichuk\AppData\Local\Temp\VMBuilds\EGTS_Test_01\arduino_due_x_dbg\Debug\SdFat\utility\FatVolume.cpp.o
                0x00081db4                FatVolume::init(unsigned char)
 .text._Z11serialEventv
                0x00081eae        0x2 C:\Users\moseichuk\AppData\Local\Temp\VMBuilds\EGTS_Test_01\arduino_due_x_dbg\Debug\variant\variant.cpp.o
                0x00081eae                serialEvent()
 .text.UART_Handler
                0x00081eb0        0xc C:\Users\moseichuk\AppData\Local\Temp\VMBuilds\EGTS_Test_01\arduino_due_x_dbg\Debug\variant\variant.cpp.o
                0x00081eb0                UART_Handler
 .text._Z12serialEvent1v
                0x00081ebc        0x2 C:\Users\moseichuk\AppData\Local\Temp\VMBuilds\EGTS_Test_01\arduino_due_x_dbg\Debug\variant\variant.cpp.o
                0x00081ebc                serialEvent1()
 .text._Z12serialEvent2v
                0x00081ebe        0x2 C:\Users\moseichuk\AppData\Local\Temp\VMBuilds\EGTS_Test_01\arduino_due_x_dbg\Debug\variant\variant.cpp.o
                0x00081ebe                serialEvent2()
 .text._Z12serialEvent3v
                0x00081ec0        0x2 C:\Users\moseichuk\AppData\Local\Temp\VMBuilds\EGTS_Test_01\arduino_due_x_dbg\Debug\variant\variant.cpp.o
                0x00081ec0                serialEvent3()
 *fill*         0x00081ec2        0x2 
 .text.USART0_Handler
                0x00081ec4        0xc C:\Users\moseichuk\AppData\Local\Temp\VMBuilds\EGTS_Test_01\arduino_due_x_dbg\Debug\variant\variant.cpp.o
                0x00081ec4                USART0_Handler
 .text.USART1_Handler
                0x00081ed0        0xc C:\Users\moseichuk\AppData\Local\Temp\VMBuilds\EGTS_Test_01\arduino_due_x_dbg\Debug\variant\variant.cpp.o
                0x00081ed0                USART1_Handler
 .text.USART3_Handler
                0x00081edc        0xc C:\Users\moseichuk\AppData\Local\Temp\VMBuilds\EGTS_Test_01\arduino_due_x_dbg\Debug\variant\variant.cpp.o
                0x00081edc                USART3_Handler
 .text.init     0x00081ee8      0x128 C:\Users\moseichuk\AppData\Local\Temp\VMBuilds\EGTS_Test_01\arduino_due_x_dbg\Debug\variant\variant.cpp.o
                0x00081ee8                init
 .text.startup._GLOBAL__sub_I_g_APinDescription
                0x00082010       0xd4 C:\Users\moseichuk\AppData\Local\Temp\VMBuilds\EGTS_Test_01\arduino_due_x_dbg\Debug\variant\variant.cpp.o
 .text._Z14serialEventRunv
                0x000820e4       0x44 C:\Users\moseichuk\AppData\Local\Temp\VMBuilds\EGTS_Test_01\arduino_due_x_dbg\Debug\variant\variant.cpp.o
                0x000820e4                serialEventRun()
 .text.PIO_PullUp
                0x00082128        0xa C:\Users\moseichuk\AppData\Local\arduino15\packages\arduino\hardware\sam\1.6.11\variants\arduino_due_x/libsam_sam3x8e_gcc_rel.a(pio.o)
                0x00082128                PIO_PullUp
 .text.PIO_SetPeripheral
                0x00082132       0x26 C:\Users\moseichuk\AppData\Local\arduino15\packages\arduino\hardware\sam\1.6.11\variants\arduino_due_x/libsam_sam3x8e_gcc_rel.a(pio.o)
                0x00082132                PIO_SetPeripheral
 .text.PIO_SetInput
                0x00082158       0x26 C:\Users\moseichuk\AppData\Local\arduino15\packages\arduino\hardware\sam\1.6.11\variants\arduino_due_x/libsam_sam3x8e_gcc_rel.a(pio.o)
                0x00082158                PIO_SetInput
 .text.PIO_SetOutput
                0x0008217e       0x24 C:\Users\moseichuk\AppData\Local\arduino15\packages\arduino\hardware\sam\1.6.11\variants\arduino_due_x/libsam_sam3x8e_gcc_rel.a(pio.o)
                0x0008217e                PIO_SetOutput
 *fill*         0x000821a2        0x2 
 .text.PIO_Configure
                0x000821a4       0x64 C:\Users\moseichuk\AppData\Local\arduino15\packages\arduino\hardware\sam\1.6.11\variants\arduino_due_x/libsam_sam3x8e_gcc_rel.a(pio.o)
                0x000821a4                PIO_Configure
 .text.PIO_GetOutputDataStatus
                0x00082208       0x14 C:\Users\moseichuk\AppData\Local\arduino15\packages\arduino\hardware\sam\1.6.11\variants\arduino_due_x/libsam_sam3x8e_gcc_rel.a(pio.o)
                0x00082208                PIO_GetOutputDataStatus
 .text.pmc_enable_upll_clock
                0x0008221c       0x14 C:\Users\moseichuk\AppData\Local\arduino15\packages\arduino\hardware\sam\1.6.11\variants\arduino_due_x/libsam_sam3x8e_gcc_rel.a(pmc.o)
                0x0008221c                pmc_enable_upll_clock
 .text.pmc_enable_periph_clk
                0x00082230       0x44 C:\Users\moseichuk\AppData\Local\arduino15\packages\arduino\hardware\sam\1.6.11\variants\arduino_due_x/libsam_sam3x8e_gcc_rel.a(pmc.o)
                0x00082230                pmc_enable_periph_clk
 .text.pmc_disable_periph_clk
                0x00082274       0x40 C:\Users\moseichuk\AppData\Local\arduino15\packages\arduino\hardware\sam\1.6.11\variants\arduino_due_x/libsam_sam3x8e_gcc_rel.a(pmc.o)
                0x00082274                pmc_disable_periph_clk
 .text.pmc_switch_udpck_to_upllck
                0x000822b4       0x14 C:\Users\moseichuk\AppData\Local\arduino15\packages\arduino\hardware\sam\1.6.11\variants\arduino_due_x/libsam_sam3x8e_gcc_rel.a(pmc.o)
                0x000822b4                pmc_switch_udpck_to_upllck
 .text.pmc_enable_udpck
                0x000822c8        0xc C:\Users\moseichuk\AppData\Local\arduino15\packages\arduino\hardware\sam\1.6.11\variants\arduino_due_x/libsam_sam3x8e_gcc_rel.a(pmc.o)
                0x000822c8                pmc_enable_udpck
 .text.SystemInit
                0x000822d4       0x88 C:\Users\moseichuk\AppData\Local\arduino15\packages\arduino\hardware\sam\1.6.11\variants\arduino_due_x/libsam_sam3x8e_gcc_rel.a(system_sam3xa.o)
                0x000822d4                SystemInit
 .text.Reset_Handler
                0x0008235c       0x78 C:\Users\moseichuk\AppData\Local\arduino15\packages\arduino\hardware\sam\1.6.11\variants\arduino_due_x/libsam_sam3x8e_gcc_rel.a(startup_sam3xa.o)
                0x0008235c                Reset_Handler
 .text.adc_init
                0x000823d4       0x98 C:\Users\moseichuk\AppData\Local\arduino15\packages\arduino\hardware\sam\1.6.11\variants\arduino_due_x/libsam_sam3x8e_gcc_rel.a(adc.o)
                0x000823d4                adc_init
 .text.adc_configure_trigger
                0x0008246c        0xe C:\Users\moseichuk\AppData\Local\arduino15\packages\arduino\hardware\sam\1.6.11\variants\arduino_due_x/libsam_sam3x8e_gcc_rel.a(adc.o)
                0x0008246c                adc_configure_trigger
 .text.adc_configure_timing
                0x0008247a       0x1a C:\Users\moseichuk\AppData\Local\arduino15\packages\arduino\hardware\sam\1.6.11\variants\arduino_due_x/libsam_sam3x8e_gcc_rel.a(adc.o)
                0x0008247a                adc_configure_timing
 .text.adc_disable_channel
                0x00082494        0xa C:\Users\moseichuk\AppData\Local\arduino15\packages\arduino\hardware\sam\1.6.11\variants\arduino_due_x/libsam_sam3x8e_gcc_rel.a(adc.o)
                0x00082494                adc_disable_channel
 .text.adc_disable_all_channel
                0x0008249e        0x8 C:\Users\moseichuk\AppData\Local\arduino15\packages\arduino\hardware\sam\1.6.11\variants\arduino_due_x/libsam_sam3x8e_gcc_rel.a(adc.o)
                0x0008249e                adc_disable_all_channel
 .text.adc_disable_interrupt
                0x000824a6        0x4 C:\Users\moseichuk\AppData\Local\arduino15\packages\arduino\hardware\sam\1.6.11\variants\arduino_due_x/libsam_sam3x8e_gcc_rel.a(adc.o)
                0x000824a6                adc_disable_interrupt
 *fill*         0x000824aa        0x2 
 .text.UOTGHS_Handler
                0x000824ac       0x10 C:\Users\moseichuk\AppData\Local\arduino15\packages\arduino\hardware\sam\1.6.11\variants\arduino_due_x/libsam_sam3x8e_gcc_rel.a(uotghs.o)
                0x000824ac                UOTGHS_Handler
 .text.__halt   0x000824bc        0x2 C:\Users\moseichuk\AppData\Local\Temp\VMBuilds\EGTS_Test_01\arduino_due_x_dbg\Debug/core.a(cortex_handlers.c.o)
                0x000824bc                DACC_Handler
                0x000824bc                DebugMon_Handler
                0x000824bc                DMAC_Handler
                0x000824bc                TRNG_Handler
                0x000824bc                HardFault_Handler
                0x000824bc                TC2_Handler
                0x000824bc                TWI1_Handler
                0x000824bc                NMI_Handler
                0x000824bc                TC7_Handler
                0x000824bc                ADC_Handler
                0x000824bc                SMC_Handler
                0x000824bc                RTT_Handler
                0x000824bc                EFC1_Handler
                0x000824bc                PIOB_Handler
                0x000824bc                RTC_Handler
                0x000824bc                UsageFault_Handler
                0x000824bc                TC6_Handler
                0x000824bc                WDT_Handler
                0x000824bc                CAN0_Handler
                0x000824bc                TC4_Handler
                0x000824bc                TC1_Handler
                0x000824bc                HSMCI_Handler
                0x000824bc                TC3_Handler
                0x000824bc                TWI0_Handler
                0x000824bc                PIOA_Handler
                0x000824bc                SSC_Handler
                0x000824bc                EFC0_Handler
                0x000824bc                PMC_Handler
                0x000824bc                PWM_Handler
                0x000824bc                CAN1_Handler
                0x000824bc                MemManage_Handler
                0x000824bc                SUPC_Handler
                0x000824bc                TC8_Handler
                0x000824bc                USART2_Handler
                0x000824bc                PIOD_Handler
                0x000824bc                EMAC_Handler
                0x000824bc                PIOC_Handler
                0x000824bc                BusFault_Handler
                0x000824bc                RSTC_Handler
                0x000824bc                TC0_Handler
                0x000824bc                TC5_Handler
                0x000824bc                SPI0_Handler
 .text.SVC_Handler
                0x000824be        0x4 C:\Users\moseichuk\AppData\Local\Temp\VMBuilds\EGTS_Test_01\arduino_due_x_dbg\Debug/core.a(cortex_handlers.c.o)
                0x000824be                SVC_Handler
 .text.PendSV_Handler
                0x000824c2        0x4 C:\Users\moseichuk\AppData\Local\Temp\VMBuilds\EGTS_Test_01\arduino_due_x_dbg\Debug/core.a(cortex_handlers.c.o)
                0x000824c2                PendSV_Handler
 .text.SysTick_Handler
                0x000824c6       0x16 C:\Users\moseichuk\AppData\Local\Temp\VMBuilds\EGTS_Test_01\arduino_due_x_dbg\Debug/core.a(cortex_handlers.c.o)
                0x000824c6                SysTick_Handler
 .text.__empty  0x000824dc        0x2 C:\Users\moseichuk\AppData\Local\Temp\VMBuilds\EGTS_Test_01\arduino_due_x_dbg\Debug/core.a(hooks.c.o)
                0x000824dc                yield
 .text.__false  0x000824de        0x4 C:\Users\moseichuk\AppData\Local\Temp\VMBuilds\EGTS_Test_01\arduino_due_x_dbg\Debug/core.a(hooks.c.o)
                0x000824de                sysTickHook
 .text.__halt   0x000824e2        0x2 C:\Users\moseichuk\AppData\Local\Temp\VMBuilds\EGTS_Test_01\arduino_due_x_dbg\Debug/core.a(hooks.c.o)
                0x000824e2                svcHook
                0x000824e2                pendSVHook
 .text._sbrk    0x000824e4       0x1c C:\Users\moseichuk\AppData\Local\Temp\VMBuilds\EGTS_Test_01\arduino_due_x_dbg\Debug/core.a(syscalls_sam3.c.o)
                0x000824e4                _sbrk
 .text.link     0x00082500        0x6 C:\Users\moseichuk\AppData\Local\Temp\VMBuilds\EGTS_Test_01\arduino_due_x_dbg\Debug/core.a(syscalls_sam3.c.o)
                0x00082500                link
 .text._close   0x00082506        0x6 C:\Users\moseichuk\AppData\Local\Temp\VMBuilds\EGTS_Test_01\arduino_due_x_dbg\Debug/core.a(syscalls_sam3.c.o)
                0x00082506                _close
 .text._fstat   0x0008250c        0xa C:\Users\moseichuk\AppData\Local\Temp\VMBuilds\EGTS_Test_01\arduino_due_x_dbg\Debug/core.a(syscalls_sam3.c.o)
                0x0008250c                _fstat
 .text._isatty  0x00082516        0x4 C:\Users\moseichuk\AppData\Local\Temp\VMBuilds\EGTS_Test_01\arduino_due_x_dbg\Debug/core.a(syscalls_sam3.c.o)
                0x00082516                _isatty
 .text._lseek   0x0008251a        0x4 C:\Users\moseichuk\AppData\Local\Temp\VMBuilds\EGTS_Test_01\arduino_due_x_dbg\Debug/core.a(syscalls_sam3.c.o)
                0x0008251a                _lseek
 .text._read    0x0008251e        0x4 C:\Users\moseichuk\AppData\Local\Temp\VMBuilds\EGTS_Test_01\arduino_due_x_dbg\Debug/core.a(syscalls_sam3.c.o)
                0x0008251e                _read
 *fill*         0x00082522        0x2 
 .text._write   0x00082524       0x24 C:\Users\moseichuk\AppData\Local\Temp\VMBuilds\EGTS_Test_01\arduino_due_x_dbg\Debug/core.a(syscalls_sam3.c.o)
                0x00082524                _write
 .text._exit    0x00082548       0x10 C:\Users\moseichuk\AppData\Local\Temp\VMBuilds\EGTS_Test_01\arduino_due_x_dbg\Debug/core.a(syscalls_sam3.c.o)
                0x00082548                _exit
 .text._kill    0x00082558        0x2 C:\Users\moseichuk\AppData\Local\Temp\VMBuilds\EGTS_Test_01\arduino_due_x_dbg\Debug/core.a(syscalls_sam3.c.o)
                0x00082558                _kill
 .text._getpid  0x0008255a        0x6 C:\Users\moseichuk\AppData\Local\Temp\VMBuilds\EGTS_Test_01\arduino_due_x_dbg\Debug/core.a(syscalls_sam3.c.o)
                0x0008255a                _getpid
 .text.millis   0x00082560        0x4 C:\Users\moseichuk\AppData\Local\Temp\VMBuilds\EGTS_Test_01\arduino_due_x_dbg\Debug/core.a(wiring.c.o)
                0x00082560                millis
 .text.delay    0x00082564       0x1c C:\Users\moseichuk\AppData\Local\Temp\VMBuilds\EGTS_Test_01\arduino_due_x_dbg\Debug/core.a(wiring.c.o)
                0x00082564                delay
 .text.analogOutputInit
                0x00082580        0x2 C:\Users\moseichuk\AppData\Local\Temp\VMBuilds\EGTS_Test_01\arduino_due_x_dbg\Debug/core.a(wiring_analog.c.o)
                0x00082580                analogOutputInit
 *fill*         0x00082582        0x2 
 .text.pinMode  0x00082584      0x108 C:\Users\moseichuk\AppData\Local\Temp\VMBuilds\EGTS_Test_01\arduino_due_x_dbg\Debug/core.a(wiring_digital.c.o)
                0x00082584                pinMode
 .text.digitalWrite
                0x0008268c       0x70 C:\Users\moseichuk\AppData\Local\Temp\VMBuilds\EGTS_Test_01\arduino_due_x_dbg\Debug/core.a(wiring_digital.c.o)
                0x0008268c                digitalWrite
 .text.initVariant
                0x000826fc        0x2 C:\Users\moseichuk\AppData\Local\Temp\VMBuilds\EGTS_Test_01\arduino_due_x_dbg\Debug/core.a(main.cpp.o)
                0x000826fc                initVariant
 *fill*         0x000826fe        0x2 
 .text.startup.main
                0x00082700       0x38 C:\Users\moseichuk\AppData\Local\Temp\VMBuilds\EGTS_Test_01\arduino_due_x_dbg\Debug/core.a(main.cpp.o)
                0x00082700                main
 .text._ZN5Print5writeEPKhj
                0x00082738       0x22 C:\Users\moseichuk\AppData\Local\Temp\VMBuilds\EGTS_Test_01\arduino_due_x_dbg\Debug/core.a(Print.cpp.o)
                0x00082738                Print::write(unsigned char const*, unsigned int)
 .text._ZN5Print5printEPKc
                0x0008275a        0x8 C:\Users\moseichuk\AppData\Local\Temp\VMBuilds\EGTS_Test_01\arduino_due_x_dbg\Debug/core.a(Print.cpp.o)
                0x0008275a                Print::print(char const*)
 .text._ZN5Print5printEc
                0x00082762        0xa C:\Users\moseichuk\AppData\Local\Temp\VMBuilds\EGTS_Test_01\arduino_due_x_dbg\Debug/core.a(Print.cpp.o)
                0x00082762                Print::print(char)
 .text._ZN5Print7printlnEv
                0x0008276c       0x10 C:\Users\moseichuk\AppData\Local\Temp\VMBuilds\EGTS_Test_01\arduino_due_x_dbg\Debug/core.a(Print.cpp.o)
                0x0008276c                Print::println()
 .text._ZN5Print7printlnEPKc
                0x0008277c       0x14 C:\Users\moseichuk\AppData\Local\Temp\VMBuilds\EGTS_Test_01\arduino_due_x_dbg\Debug/core.a(Print.cpp.o)
                0x0008277c                Print::println(char const*)
 .text._ZN5Print11printNumberEmh
                0x00082790       0x3e C:\Users\moseichuk\AppData\Local\Temp\VMBuilds\EGTS_Test_01\arduino_due_x_dbg\Debug/core.a(Print.cpp.o)
                0x00082790                Print::printNumber(unsigned long, unsigned char)
 .text._ZN5Print5printEli
                0x000827ce       0x3c C:\Users\moseichuk\AppData\Local\Temp\VMBuilds\EGTS_Test_01\arduino_due_x_dbg\Debug/core.a(Print.cpp.o)
                0x000827ce                Print::print(long, int)
 .text._ZN5Print7printlnEii
                0x0008280a       0x14 C:\Users\moseichuk\AppData\Local\Temp\VMBuilds\EGTS_Test_01\arduino_due_x_dbg\Debug/core.a(Print.cpp.o)
                0x0008280a                Print::println(int, int)
 *fill*         0x0008281e        0x2 
 .text.initiateReset
                0x00082820        0xc C:\Users\moseichuk\AppData\Local\Temp\VMBuilds\EGTS_Test_01\arduino_due_x_dbg\Debug/core.a(Reset.cpp.o)
                0x00082820                initiateReset
 .text.cancelReset
                0x0008282c       0x10 C:\Users\moseichuk\AppData\Local\Temp\VMBuilds\EGTS_Test_01\arduino_due_x_dbg\Debug/core.a(Reset.cpp.o)
                0x0008282c                cancelReset
 .text.tickReset
                0x0008283c       0x20 C:\Users\moseichuk\AppData\Local\Temp\VMBuilds\EGTS_Test_01\arduino_due_x_dbg\Debug/core.a(Reset.cpp.o)
                0x0008283c                tickReset
 .text._ZN10RingBufferC2Ev
                0x0008285c       0x1c C:\Users\moseichuk\AppData\Local\Temp\VMBuilds\EGTS_Test_01\arduino_due_x_dbg\Debug/core.a(RingBuffer.cpp.o)
                0x0008285c                RingBuffer::RingBuffer()
                0x0008285c                RingBuffer::RingBuffer()
 .text._ZN10RingBuffer10store_charEh
                0x00082878       0x1e C:\Users\moseichuk\AppData\Local\Temp\VMBuilds\EGTS_Test_01\arduino_due_x_dbg\Debug/core.a(RingBuffer.cpp.o)
                0x00082878                RingBuffer::store_char(unsigned char)
 .text._ZN9UARTClasscvbEv
                0x00082896        0x4 C:\Users\moseichuk\AppData\Local\Temp\VMBuilds\EGTS_Test_01\arduino_due_x_dbg\Debug/core.a(UARTClass.cpp.o)
                0x00082896                UARTClass::operator bool()
 .text._ZN9UARTClass9availableEv
                0x0008289a       0x12 C:\Users\moseichuk\AppData\Local\Temp\VMBuilds\EGTS_Test_01\arduino_due_x_dbg\Debug/core.a(UARTClass.cpp.o)
                0x0008289a                UARTClass::available()
 .text._ZN9UARTClass4peekEv
                0x000828ac       0x1c C:\Users\moseichuk\AppData\Local\Temp\VMBuilds\EGTS_Test_01\arduino_due_x_dbg\Debug/core.a(UARTClass.cpp.o)
                0x000828ac                UARTClass::peek()
 .text._ZN9UARTClass4readEv
                0x000828c8       0x2a C:\Users\moseichuk\AppData\Local\Temp\VMBuilds\EGTS_Test_01\arduino_due_x_dbg\Debug/core.a(UARTClass.cpp.o)
                0x000828c8                UARTClass::read()
 .text._ZN9UARTClass5flushEv
                0x000828f2       0x18 C:\Users\moseichuk\AppData\Local\Temp\VMBuilds\EGTS_Test_01\arduino_due_x_dbg\Debug/core.a(UARTClass.cpp.o)
                0x000828f2                UARTClass::flush()
 *fill*         0x0008290a        0x2 
 .text._ZN9UARTClass5writeEh
                0x0008290c       0x58 C:\Users\moseichuk\AppData\Local\Temp\VMBuilds\EGTS_Test_01\arduino_due_x_dbg\Debug/core.a(UARTClass.cpp.o)
                0x0008290c                UARTClass::write(unsigned char)
 .text._ZN9UARTClass3endEv
                0x00082964       0x3c C:\Users\moseichuk\AppData\Local\Temp\VMBuilds\EGTS_Test_01\arduino_due_x_dbg\Debug/core.a(UARTClass.cpp.o)
                0x00082964                UARTClass::end()
 .text._ZN9UARTClassC2EP4Uart4IRQnmP10RingBufferS4_
                0x000829a0       0x24 C:\Users\moseichuk\AppData\Local\Temp\VMBuilds\EGTS_Test_01\arduino_due_x_dbg\Debug/core.a(UARTClass.cpp.o)
                0x000829a0                UARTClass::UARTClass(Uart*, IRQn, unsigned long, RingBuffer*, RingBuffer*)
                0x000829a0                UARTClass::UARTClass(Uart*, IRQn, unsigned long, RingBuffer*, RingBuffer*)
 .text._ZN9UARTClass4initEmm
                0x000829c4       0x70 C:\Users\moseichuk\AppData\Local\Temp\VMBuilds\EGTS_Test_01\arduino_due_x_dbg\Debug/core.a(UARTClass.cpp.o)
                0x000829c4                UARTClass::init(unsigned long, unsigned long)
 .text._ZN9UARTClass5beginEm
                0x00082a34        0x8 C:\Users\moseichuk\AppData\Local\Temp\VMBuilds\EGTS_Test_01\arduino_due_x_dbg\Debug/core.a(UARTClass.cpp.o)
                0x00082a34                UARTClass::begin(unsigned long)
 .text._ZN9UARTClass10IrqHandlerEv
                0x00082a3c       0x5a C:\Users\moseichuk\AppData\Local\Temp\VMBuilds\EGTS_Test_01\arduino_due_x_dbg\Debug/core.a(UARTClass.cpp.o)
                0x00082a3c                UARTClass::IrqHandler()
 .text._ZN10USARTClass5beginEm
                0x00082a96        0x8 C:\Users\moseichuk\AppData\Local\Temp\VMBuilds\EGTS_Test_01\arduino_due_x_dbg\Debug/core.a(USARTClass.cpp.o)
                0x00082a96                USARTClass::begin(unsigned long)
 *fill*         0x00082a9e        0x2 
 .text._ZN10USARTClassC2EP5Usart4IRQnmP10RingBufferS4_
                0x00082aa0       0x24 C:\Users\moseichuk\AppData\Local\Temp\VMBuilds\EGTS_Test_01\arduino_due_x_dbg\Debug/core.a(USARTClass.cpp.o)
                0x00082aa0                USARTClass::USARTClass(Usart*, IRQn, unsigned long, RingBuffer*, RingBuffer*)
                0x00082aa0                USARTClass::USARTClass(Usart*, IRQn, unsigned long, RingBuffer*, RingBuffer*)
 .text._watchdogDefaultSetup
                0x00082ac4        0xc C:\Users\moseichuk\AppData\Local\Temp\VMBuilds\EGTS_Test_01\arduino_due_x_dbg\Debug/core.a(watchdog.cpp.o)
                0x00082ac4                _watchdogDefaultSetup
                0x00082ac4                watchdogSetup()
 .text.unlikely._ZL11USB_SendZlpv
                0x00082ad0       0x20 C:\Users\moseichuk\AppData\Local\Temp\VMBuilds\EGTS_Test_01\arduino_due_x_dbg\Debug/core.a(USBCore.cpp.o)
 .text._Z14USBD_Availablem
                0x00082af0       0x2c C:\Users\moseichuk\AppData\Local\Temp\VMBuilds\EGTS_Test_01\arduino_due_x_dbg\Debug/core.a(USBCore.cpp.o)
                0x00082af0                USBD_Available(unsigned long)
 .text._Z9USBD_RecvmPvm
                0x00082b1c       0x7c C:\Users\moseichuk\AppData\Local\Temp\VMBuilds\EGTS_Test_01\arduino_due_x_dbg\Debug/core.a(USBCore.cpp.o)
                0x00082b1c                USBD_Recv(unsigned long, void*, unsigned long)
 .text._Z9USBD_Recvm
                0x00082b98       0x22 C:\Users\moseichuk\AppData\Local\Temp\VMBuilds\EGTS_Test_01\arduino_due_x_dbg\Debug/core.a(USBCore.cpp.o)
                0x00082b98                USBD_Recv(unsigned long)
 *fill*         0x00082bba        0x2 
 .text._Z9USBD_SendmPKvm
                0x00082bbc       0x4c C:\Users\moseichuk\AppData\Local\Temp\VMBuilds\EGTS_Test_01\arduino_due_x_dbg\Debug/core.a(USBCore.cpp.o)
                0x00082bbc                USBD_Send(unsigned long, void const*, unsigned long)
 .text._Z16USBD_SendControlhPKvm
                0x00082c08       0x40 C:\Users\moseichuk\AppData\Local\Temp\VMBuilds\EGTS_Test_01\arduino_due_x_dbg\Debug/core.a(USBCore.cpp.o)
                0x00082c08                USBD_SendControl(unsigned char, void const*, unsigned long)
 .text.unlikely._ZL24USB_SendStringDescriptorPKhi
                0x00082c48       0x64 C:\Users\moseichuk\AppData\Local\Temp\VMBuilds\EGTS_Test_01\arduino_due_x_dbg\Debug/core.a(USBCore.cpp.o)
 .text._Z16USBD_RecvControlPvm
                0x00082cac       0x1c C:\Users\moseichuk\AppData\Local\Temp\VMBuilds\EGTS_Test_01\arduino_due_x_dbg\Debug/core.a(USBCore.cpp.o)
                0x00082cac                USBD_RecvControl(void*, unsigned long)
 .text._Z26USBD_ClassInterfaceRequestR8USBSetup
                0x00082cc8       0x1e C:\Users\moseichuk\AppData\Local\Temp\VMBuilds\EGTS_Test_01\arduino_due_x_dbg\Debug/core.a(USBCore.cpp.o)
                0x00082cc8                USBD_ClassInterfaceRequest(USBSetup&)
 .text._Z19USBD_SendInterfacesv
                0x00082ce6       0x22 C:\Users\moseichuk\AppData\Local\Temp\VMBuilds\EGTS_Test_01\arduino_due_x_dbg\Debug/core.a(USBCore.cpp.o)
                0x00082ce6                USBD_SendInterfaces()
 .text._Z24USBD_SendOtherInterfacesv
                0x00082d08       0x22 C:\Users\moseichuk\AppData\Local\Temp\VMBuilds\EGTS_Test_01\arduino_due_x_dbg\Debug/core.a(USBCore.cpp.o)
                0x00082d08                USBD_SendOtherInterfaces()
 .text._Z10USBD_Flushm
                0x00082d2a       0x16 C:\Users\moseichuk\AppData\Local\Temp\VMBuilds\EGTS_Test_01\arduino_due_x_dbg\Debug/core.a(USBCore.cpp.o)
                0x00082d2a                USBD_Flush(unsigned long)
 .text._ZN10USBDevice_C2Ev
                0x00082d40       0x24 C:\Users\moseichuk\AppData\Local\Temp\VMBuilds\EGTS_Test_01\arduino_due_x_dbg\Debug/core.a(USBCore.cpp.o)
                0x00082d40                USBDevice_::USBDevice_()
                0x00082d40                USBDevice_::USBDevice_()
 .text._ZN10USBDevice_6attachEv
                0x00082d64       0x20 C:\Users\moseichuk\AppData\Local\Temp\VMBuilds\EGTS_Test_01\arduino_due_x_dbg\Debug/core.a(USBCore.cpp.o)
                0x00082d64                USBDevice_::attach()
 .text.startup._GLOBAL__sub_I_EndPoints
                0x00082d84        0xc C:\Users\moseichuk\AppData\Local\Temp\VMBuilds\EGTS_Test_01\arduino_due_x_dbg\Debug/core.a(USBCore.cpp.o)
 .text._ZL7USB_ISRv
                0x00082d90      0x454 C:\Users\moseichuk\AppData\Local\Temp\VMBuilds\EGTS_Test_01\arduino_due_x_dbg\Debug/core.a(USBCore.cpp.o)
 .text._ZN7Serial_9availableEv
                0x000831e4       0x18 C:\Users\moseichuk\AppData\Local\Temp\VMBuilds\EGTS_Test_01\arduino_due_x_dbg\Debug/core.a(CDC.cpp.o)
                0x000831e4                Serial_::available()
 .text._ZN7Serial_17availableForWriteEv
                0x000831fc        0x6 C:\Users\moseichuk\AppData\Local\Temp\VMBuilds\EGTS_Test_01\arduino_due_x_dbg\Debug/core.a(CDC.cpp.o)
                0x000831fc                Serial_::availableForWrite()
 *fill*         0x00083202        0x2 
 .text._ZN7Serial_4peekEv
                0x00083204       0x20 C:\Users\moseichuk\AppData\Local\Temp\VMBuilds\EGTS_Test_01\arduino_due_x_dbg\Debug/core.a(CDC.cpp.o)
                0x00083204                Serial_::peek()
 .text._ZN7Serial_5writeEh
                0x00083224       0x16 C:\Users\moseichuk\AppData\Local\Temp\VMBuilds\EGTS_Test_01\arduino_due_x_dbg\Debug/core.a(CDC.cpp.o)
                0x00083224                Serial_::write(unsigned char)
 *fill*         0x0008323a        0x2 
 .text._ZN7Serial_4readEv
                0x0008323c       0x44 C:\Users\moseichuk\AppData\Local\Temp\VMBuilds\EGTS_Test_01\arduino_due_x_dbg\Debug/core.a(CDC.cpp.o)
                0x0008323c                Serial_::read()
 .text._ZN7Serial_5flushEv
                0x00083280        0x6 C:\Users\moseichuk\AppData\Local\Temp\VMBuilds\EGTS_Test_01\arduino_due_x_dbg\Debug/core.a(CDC.cpp.o)
                0x00083280                Serial_::flush()
 *fill*         0x00083286        0x2 
 .text._ZN7Serial_6acceptEv
                0x00083288       0x70 C:\Users\moseichuk\AppData\Local\Temp\VMBuilds\EGTS_Test_01\arduino_due_x_dbg\Debug/core.a(CDC.cpp.o)
                0x00083288                Serial_::accept()
 .text._ZN7Serial_5writeEPKhj
                0x000832f8       0x2c C:\Users\moseichuk\AppData\Local\Temp\VMBuilds\EGTS_Test_01\arduino_due_x_dbg\Debug/core.a(CDC.cpp.o)
                0x000832f8                Serial_::write(unsigned char const*, unsigned int)
 .text._Z16CDC_GetInterfacePh
                0x00083324       0x14 C:\Users\moseichuk\AppData\Local\Temp\VMBuilds\EGTS_Test_01\arduino_due_x_dbg\Debug/core.a(CDC.cpp.o)
                0x00083324                CDC_GetInterface(unsigned char*)
 .text._Z21CDC_GetOtherInterfacePh
                0x00083338       0x14 C:\Users\moseichuk\AppData\Local\Temp\VMBuilds\EGTS_Test_01\arduino_due_x_dbg\Debug/core.a(CDC.cpp.o)
                0x00083338                CDC_GetOtherInterface(unsigned char*)
 .text._Z9CDC_SetupR8USBSetup
                0x0008334c       0x78 C:\Users\moseichuk\AppData\Local\Temp\VMBuilds\EGTS_Test_01\arduino_due_x_dbg\Debug/core.a(CDC.cpp.o)
                0x0008334c                CDC_Setup(USBSetup&)
 .text.startup._GLOBAL__sub_I_cdc_rx_buffer
                0x000833c4       0x1c C:\Users\moseichuk\AppData\Local\Temp\VMBuilds\EGTS_Test_01\arduino_due_x_dbg\Debug/core.a(CDC.cpp.o)
 .text._ZN13PluggableUSB_12getInterfaceEPh
                0x000833e0       0x28 C:\Users\moseichuk\AppData\Local\Temp\VMBuilds\EGTS_Test_01\arduino_due_x_dbg\Debug/core.a(PluggableUSB.cpp.o)
                0x000833e0                PluggableUSB_::getInterface(unsigned char*)
 .text._ZN13PluggableUSB_13getDescriptorER8USBSetup
                0x00083408       0x1c C:\Users\moseichuk\AppData\Local\Temp\VMBuilds\EGTS_Test_01\arduino_due_x_dbg\Debug/core.a(PluggableUSB.cpp.o)
                0x00083408                PluggableUSB_::getDescriptor(USBSetup&)
 .text._ZN13PluggableUSB_12getShortNameEPc
                0x00083424       0x1c C:\Users\moseichuk\AppData\Local\Temp\VMBuilds\EGTS_Test_01\arduino_due_x_dbg\Debug/core.a(PluggableUSB.cpp.o)
                0x00083424                PluggableUSB_::getShortName(char*)
 .text._ZN13PluggableUSB_5setupER8USBSetup
                0x00083440       0x20 C:\Users\moseichuk\AppData\Local\Temp\VMBuilds\EGTS_Test_01\arduino_due_x_dbg\Debug/core.a(PluggableUSB.cpp.o)
                0x00083440                PluggableUSB_::setup(USBSetup&)
 .text._Z12PluggableUSBv
                0x00083460       0x28 C:\Users\moseichuk\AppData\Local\Temp\VMBuilds\EGTS_Test_01\arduino_due_x_dbg\Debug/core.a(PluggableUSB.cpp.o)
                0x00083460                PluggableUSB()
 .text.TimeTick_Increment
                0x00083488       0x10 C:\Users\moseichuk\AppData\Local\arduino15\packages\arduino\hardware\sam\1.6.11\variants\arduino_due_x/libsam_sam3x8e_gcc_rel.a(timetick.o)
                0x00083488                TimeTick_Increment
 .text.GetTickCount
                0x00083498        0xc C:\Users\moseichuk\AppData\Local\arduino15\packages\arduino\hardware\sam\1.6.11\variants\arduino_due_x/libsam_sam3x8e_gcc_rel.a(timetick.o)
                0x00083498                GetTickCount
 .text.WDT_Disable
                0x000834a4        0x8 C:\Users\moseichuk\AppData\Local\arduino15\packages\arduino\hardware\sam\1.6.11\variants\arduino_due_x/libsam_sam3x8e_gcc_rel.a(wdt.o)
                0x000834a4                WDT_Disable
 .text.UDD_SetStack
                0x000834ac        0xc C:\Users\moseichuk\AppData\Local\arduino15\packages\arduino\hardware\sam\1.6.11\variants\arduino_due_x/libsam_sam3x8e_gcc_rel.a(uotghs_device.o)
                0x000834ac                UDD_SetStack
 .text.UDD_Init
                0x000834b8       0xd0 C:\Users\moseichuk\AppData\Local\arduino15\packages\arduino\hardware\sam\1.6.11\variants\arduino_due_x/libsam_sam3x8e_gcc_rel.a(uotghs_device.o)
                0x000834b8                UDD_Init
 .text.UDD_Attach
                0x00083588       0x50 C:\Users\moseichuk\AppData\Local\arduino15\packages\arduino\hardware\sam\1.6.11\variants\arduino_due_x/libsam_sam3x8e_gcc_rel.a(uotghs_device.o)
                0x00083588                UDD_Attach
 .text.UDD_InitEP
                0x000835d8       0x2c C:\Users\moseichuk\AppData\Local\arduino15\packages\arduino\hardware\sam\1.6.11\variants\arduino_due_x/libsam_sam3x8e_gcc_rel.a(uotghs_device.o)
                0x000835d8                UDD_InitEP
 .text.UDD_InitEndpoints
                0x00083604       0x3c C:\Users\moseichuk\AppData\Local\arduino15\packages\arduino\hardware\sam\1.6.11\variants\arduino_due_x/libsam_sam3x8e_gcc_rel.a(uotghs_device.o)
                0x00083604                UDD_InitEndpoints
 .text.UDD_WaitIN
                0x00083640       0x10 C:\Users\moseichuk\AppData\Local\arduino15\packages\arduino\hardware\sam\1.6.11\variants\arduino_due_x/libsam_sam3x8e_gcc_rel.a(uotghs_device.o)
                0x00083640                UDD_WaitIN
 .text.UDD_WaitOUT
                0x00083650       0x10 C:\Users\moseichuk\AppData\Local\arduino15\packages\arduino\hardware\sam\1.6.11\variants\arduino_due_x/libsam_sam3x8e_gcc_rel.a(uotghs_device.o)
                0x00083650                UDD_WaitOUT
 .text.UDD_ClearIN
                0x00083660       0x18 C:\Users\moseichuk\AppData\Local\arduino15\packages\arduino\hardware\sam\1.6.11\variants\arduino_due_x/libsam_sam3x8e_gcc_rel.a(uotghs_device.o)
                0x00083660                UDD_ClearIN
 .text.UDD_ClearOUT
                0x00083678       0x18 C:\Users\moseichuk\AppData\Local\arduino15\packages\arduino\hardware\sam\1.6.11\variants\arduino_due_x/libsam_sam3x8e_gcc_rel.a(uotghs_device.o)
                0x00083678                UDD_ClearOUT
 .text.UDD_ReceivedSetupInt
                0x00083690       0x10 C:\Users\moseichuk\AppData\Local\arduino15\packages\arduino\hardware\sam\1.6.11\variants\arduino_due_x/libsam_sam3x8e_gcc_rel.a(uotghs_device.o)
                0x00083690                UDD_ReceivedSetupInt
 .text.UDD_ClearSetupInt
                0x000836a0       0x10 C:\Users\moseichuk\AppData\Local\arduino15\packages\arduino\hardware\sam\1.6.11\variants\arduino_due_x/libsam_sam3x8e_gcc_rel.a(uotghs_device.o)
                0x000836a0                UDD_ClearSetupInt
 .text.UDD_Send
                0x000836b0       0x88 C:\Users\moseichuk\AppData\Local\arduino15\packages\arduino\hardware\sam\1.6.11\variants\arduino_due_x/libsam_sam3x8e_gcc_rel.a(uotghs_device.o)
                0x000836b0                UDD_Send
 .text.UDD_Send8
                0x00083738       0x24 C:\Users\moseichuk\AppData\Local\arduino15\packages\arduino\hardware\sam\1.6.11\variants\arduino_due_x/libsam_sam3x8e_gcc_rel.a(uotghs_device.o)
                0x00083738                UDD_Send8
 .text.UDD_Recv8
                0x0008375c       0x28 C:\Users\moseichuk\AppData\Local\arduino15\packages\arduino\hardware\sam\1.6.11\variants\arduino_due_x/libsam_sam3x8e_gcc_rel.a(uotghs_device.o)
                0x0008375c                UDD_Recv8
 .text.UDD_Recv
                0x00083784       0x34 C:\Users\moseichuk\AppData\Local\arduino15\packages\arduino\hardware\sam\1.6.11\variants\arduino_due_x/libsam_sam3x8e_gcc_rel.a(uotghs_device.o)
                0x00083784                UDD_Recv
 .text.UDD_Stall
                0x000837b8       0x14 C:\Users\moseichuk\AppData\Local\arduino15\packages\arduino\hardware\sam\1.6.11\variants\arduino_due_x/libsam_sam3x8e_gcc_rel.a(uotghs_device.o)
                0x000837b8                UDD_Stall
 .text.UDD_FifoByteCount
                0x000837cc       0x14 C:\Users\moseichuk\AppData\Local\arduino15\packages\arduino\hardware\sam\1.6.11\variants\arduino_due_x/libsam_sam3x8e_gcc_rel.a(uotghs_device.o)
                0x000837cc                UDD_FifoByteCount
 .text.UDD_ReleaseRX
                0x000837e0       0x28 C:\Users\moseichuk\AppData\Local\arduino15\packages\arduino\hardware\sam\1.6.11\variants\arduino_due_x/libsam_sam3x8e_gcc_rel.a(uotghs_device.o)
                0x000837e0                UDD_ReleaseRX
 .text.UDD_ReleaseTX
                0x00083808       0x28 C:\Users\moseichuk\AppData\Local\arduino15\packages\arduino\hardware\sam\1.6.11\variants\arduino_due_x/libsam_sam3x8e_gcc_rel.a(uotghs_device.o)
                0x00083808                UDD_ReleaseTX
 .text.UDD_SetAddress
                0x00083830       0x20 C:\Users\moseichuk\AppData\Local\arduino15\packages\arduino\hardware\sam\1.6.11\variants\arduino_due_x/libsam_sam3x8e_gcc_rel.a(uotghs_device.o)
                0x00083830                UDD_SetAddress
 .text.__fpclassifyd
                0x00083850       0x50 c:/users/moseichuk/appdata/local/arduino15/packages/arduino/tools/arm-none-eabi-gcc/4.8.3-2014q1/bin/../lib/gcc/arm-none-eabi/4.8.3/../../../../arm-none-eabi/lib/armv7-m\libm.a(lib_a-s_fpclassify.o)
                0x00083850                __fpclassifyd
 .text          0x000838a0      0x370 c:/users/moseichuk/appdata/local/arduino15/packages/arduino/tools/arm-none-eabi-gcc/4.8.3-2014q1/bin/../lib/gcc/arm-none-eabi/4.8.3/armv7-m\libgcc.a(_arm_addsubdf3.o)
                0x000838a0                __aeabi_drsub
                0x000838a8                __aeabi_dsub
                0x000838a8                __subdf3
                0x000838ac                __aeabi_dadd
                0x000838ac                __adddf3
                0x00083b24                __floatunsidf
                0x00083b24                __aeabi_ui2d
                0x00083b44                __floatsidf
                0x00083b44                __aeabi_i2d
                0x00083b68                __aeabi_f2d
                0x00083b68                __extendsfdf2
                0x00083ba4                __floatundidf
                0x00083ba4                __aeabi_ul2d
                0x00083bb4                __floatdidf
                0x00083bb4                __aeabi_l2d
 .text          0x00083c10      0x424 c:/users/moseichuk/appdata/local/arduino15/packages/arduino/tools/arm-none-eabi-gcc/4.8.3-2014q1/bin/../lib/gcc/arm-none-eabi/4.8.3/armv7-m\libgcc.a(_arm_muldivdf3.o)
                0x00083c10                __aeabi_dmul
                0x00083c10                __muldf3
                0x00083e64                __divdf3
                0x00083e64                __aeabi_ddiv
 .text          0x00084034      0x110 c:/users/moseichuk/appdata/local/arduino15/packages/arduino/tools/arm-none-eabi-gcc/4.8.3-2014q1/bin/../lib/gcc/arm-none-eabi/4.8.3/armv7-m\libgcc.a(_arm_cmpdf2.o)
                0x00084034                __gtdf2
                0x00084034                __gedf2
                0x0008403c                __ltdf2
                0x0008403c                __ledf2
                0x00084044                __nedf2
                0x00084044                __eqdf2
                0x00084044                __cmpdf2
                0x000840c0                __aeabi_cdrcmple
                0x000840d0                __aeabi_cdcmpeq
                0x000840d0                __aeabi_cdcmple
                0x000840e0                __aeabi_dcmpeq
                0x000840f4                __aeabi_dcmplt
                0x00084108                __aeabi_dcmple
                0x0008411c                __aeabi_dcmpge
                0x00084130                __aeabi_dcmpgt
 .text          0x00084144       0x50 c:/users/moseichuk/appdata/local/arduino15/packages/arduino/tools/arm-none-eabi-gcc/4.8.3-2014q1/bin/../lib/gcc/arm-none-eabi/4.8.3/armv7-m\libgcc.a(_arm_fixdfsi.o)
                0x00084144                __aeabi_d2iz
                0x00084144                __fixdfsi
 .text          0x00084194       0x40 c:/users/moseichuk/appdata/local/arduino15/packages/arduino/tools/arm-none-eabi-gcc/4.8.3-2014q1/bin/../lib/gcc/arm-none-eabi/4.8.3/armv7-m\libgcc.a(_arm_fixunsdfsi.o)
                0x00084194                __aeabi_d2uiz
                0x00084194                __fixunsdfsi
 .text.__libc_init_array
                0x000841d4       0x50 c:/users/moseichuk/appdata/local/arduino15/packages/arduino/tools/arm-none-eabi-gcc/4.8.3-2014q1/bin/../lib/gcc/arm-none-eabi/4.8.3/../../../../arm-none-eabi/lib/armv7-m\libg.a(lib_a-init.o)
                0x000841d4                __libc_init_array
 .text.iprintf  0x00084224       0x28 c:/users/moseichuk/appdata/local/arduino15/packages/arduino/tools/arm-none-eabi-gcc/4.8.3-2014q1/bin/../lib/gcc/arm-none-eabi/4.8.3/../../../../arm-none-eabi/lib/armv7-m\libg.a(lib_a-iprintf.o)
                0x00084224                iprintf
 .text.memchr   0x0008424c       0x94 c:/users/moseichuk/appdata/local/arduino15/packages/arduino/tools/arm-none-eabi-gcc/4.8.3-2014q1/bin/../lib/gcc/arm-none-eabi/4.8.3/../../../../arm-none-eabi/lib/armv7-m\libg.a(lib_a-memchr-stub.o)
                0x0008424c                memchr
 .text.memcmp   0x000842e0       0x68 c:/users/moseichuk/appdata/local/arduino15/packages/arduino/tools/arm-none-eabi-gcc/4.8.3-2014q1/bin/../lib/gcc/arm-none-eabi/4.8.3/../../../../arm-none-eabi/lib/armv7-m\libg.a(lib_a-memcmp.o)
                0x000842e0                memcmp
 .text          0x00084348       0xec c:/users/moseichuk/appdata/local/arduino15/packages/arduino/tools/arm-none-eabi-gcc/4.8.3-2014q1/bin/../lib/gcc/arm-none-eabi/4.8.3/../../../../arm-none-eabi/lib/armv7-m\libg.a(lib_a-memcpy.o)
                0x00084348                memcpy
 .text.memset   0x00084434       0x94 c:/users/moseichuk/appdata/local/arduino15/packages/arduino/tools/arm-none-eabi-gcc/4.8.3-2014q1/bin/../lib/gcc/arm-none-eabi/4.8.3/../../../../arm-none-eabi/lib/armv7-m\libg.a(lib_a-memset.o)
                0x00084434                memset
 .text.snprintf
                0x000844c8       0x68 c:/users/moseichuk/appdata/local/arduino15/packages/arduino/tools/arm-none-eabi-gcc/4.8.3-2014q1/bin/../lib/gcc/arm-none-eabi/4.8.3/../../../../arm-none-eabi/lib/armv7-m\libg.a(lib_a-snprintf.o)
                0x000844c8                snprintf
 .text.strcpy   0x00084530       0xbc c:/users/moseichuk/appdata/local/arduino15/packages/arduino/tools/arm-none-eabi-gcc/4.8.3-2014q1/bin/../lib/gcc/arm-none-eabi/4.8.3/../../../../arm-none-eabi/lib/armv7-m\libg.a(lib_a-strcpy.o)
                0x00084530                strcpy
 .text.strlen   0x000845ec       0x60 c:/users/moseichuk/appdata/local/arduino15/packages/arduino/tools/arm-none-eabi-gcc/4.8.3-2014q1/bin/../lib/gcc/arm-none-eabi/4.8.3/../../../../arm-none-eabi/lib/armv7-m\libg.a(lib_a-strlen.o)
                0x000845ec                strlen
 .text._svfprintf_r
                0x0008464c     0x14e0 c:/users/moseichuk/appdata/local/arduino15/packages/arduino/tools/arm-none-eabi-gcc/4.8.3-2014q1/bin/../lib/gcc/arm-none-eabi/4.8.3/../../../../arm-none-eabi/lib/armv7-m\libg.a(lib_a-svfprintf.o)
                0x0008464c                _svfprintf_r
 .text.kill     0x00085b2c       0x10 c:/users/moseichuk/appdata/local/arduino15/packages/arduino/tools/arm-none-eabi-gcc/4.8.3-2014q1/bin/../lib/gcc/arm-none-eabi/4.8.3/../../../../arm-none-eabi/lib/armv7-m\libg.a(lib_a-syskill.o)
                0x00085b2c                kill
 .text.__sprint_r.part.0
                0x00085b3c       0x78 c:/users/moseichuk/appdata/local/arduino15/packages/arduino/tools/arm-none-eabi-gcc/4.8.3-2014q1/bin/../lib/gcc/arm-none-eabi/4.8.3/../../../../arm-none-eabi/lib/armv7-m\libg.a(lib_a-vfiprintf.o)
 .text._vfiprintf_r
                0x00085bb4      0xc54 c:/users/moseichuk/appdata/local/arduino15/packages/arduino/tools/arm-none-eabi-gcc/4.8.3-2014q1/bin/../lib/gcc/arm-none-eabi/4.8.3/../../../../arm-none-eabi/lib/armv7-m\libg.a(lib_a-vfiprintf.o)
                0x00085bb4                _vfiprintf_r
 .text.__sbprintf
                0x00086808       0x7c c:/users/moseichuk/appdata/local/arduino15/packages/arduino/tools/arm-none-eabi-gcc/4.8.3-2014q1/bin/../lib/gcc/arm-none-eabi/4.8.3/../../../../arm-none-eabi/lib/armv7-m\libg.a(lib_a-vfiprintf.o)
 .text.__swsetup_r
                0x00086884       0xc4 c:/users/moseichuk/appdata/local/arduino15/packages/arduino/tools/arm-none-eabi-gcc/4.8.3-2014q1/bin/../lib/gcc/arm-none-eabi/4.8.3/../../../../arm-none-eabi/lib/armv7-m\libg.a(lib_a-wsetup.o)
                0x00086884                __swsetup_r
 .text.startup.register_fini
                0x00086948       0x14 c:/users/moseichuk/appdata/local/arduino15/packages/arduino/tools/arm-none-eabi-gcc/4.8.3-2014q1/bin/../lib/gcc/arm-none-eabi/4.8.3/../../../../arm-none-eabi/lib/armv7-m\libg.a(lib_a-__call_atexit.o)
 .text.atexit   0x0008695c        0xc c:/users/moseichuk/appdata/local/arduino15/packages/arduino/tools/arm-none-eabi-gcc/4.8.3-2014q1/bin/../lib/gcc/arm-none-eabi/4.8.3/../../../../arm-none-eabi/lib/armv7-m\libg.a(lib_a-atexit.o)
                0x0008695c                atexit
 .text.quorem   0x00086968      0x134 c:/users/moseichuk/appdata/local/arduino15/packages/arduino/tools/arm-none-eabi-gcc/4.8.3-2014q1/bin/../lib/gcc/arm-none-eabi/4.8.3/../../../../arm-none-eabi/lib/armv7-m\libg.a(lib_a-dtoa.o)
 *fill*         0x00086a9c        0x4 
 .text._dtoa_r  0x00086aa0      0xe38 c:/users/moseichuk/appdata/local/arduino15/packages/arduino/tools/arm-none-eabi-gcc/4.8.3-2014q1/bin/../lib/gcc/arm-none-eabi/4.8.3/../../../../arm-none-eabi/lib/armv7-m\libg.a(lib_a-dtoa.o)
                0x00086aa0                _dtoa_r
 .text.__sflush_r
                0x000878d8      0x148 c:/users/moseichuk/appdata/local/arduino15/packages/arduino/tools/arm-none-eabi-gcc/4.8.3-2014q1/bin/../lib/gcc/arm-none-eabi/4.8.3/../../../../arm-none-eabi/lib/armv7-m\libg.a(lib_a-fflush.o)
                0x000878d8                __sflush_r
 .text._fflush_r
                0x00087a20       0x2c c:/users/moseichuk/appdata/local/arduino15/packages/arduino/tools/arm-none-eabi-gcc/4.8.3-2014q1/bin/../lib/gcc/arm-none-eabi/4.8.3/../../../../arm-none-eabi/lib/armv7-m\libg.a(lib_a-fflush.o)
                0x00087a20                _fflush_r
 .text._cleanup_r
                0x00087a4c        0xc c:/users/moseichuk/appdata/local/arduino15/packages/arduino/tools/arm-none-eabi-gcc/4.8.3-2014q1/bin/../lib/gcc/arm-none-eabi/4.8.3/../../../../arm-none-eabi/lib/armv7-m\libg.a(lib_a-findfp.o)
                0x00087a4c                _cleanup_r
 .text.__sinit  0x00087a58       0xf4 c:/users/moseichuk/appdata/local/arduino15/packages/arduino/tools/arm-none-eabi-gcc/4.8.3-2014q1/bin/../lib/gcc/arm-none-eabi/4.8.3/../../../../arm-none-eabi/lib/armv7-m\libg.a(lib_a-findfp.o)
                0x00087a58                __sinit
 .text.__sfp_lock_acquire
                0x00087b4c        0x4 c:/users/moseichuk/appdata/local/arduino15/packages/arduino/tools/arm-none-eabi-gcc/4.8.3-2014q1/bin/../lib/gcc/arm-none-eabi/4.8.3/../../../../arm-none-eabi/lib/armv7-m\libg.a(lib_a-findfp.o)
                0x00087b4c                __sfp_lock_acquire
 .text.__sfp_lock_release
                0x00087b50        0x4 c:/users/moseichuk/appdata/local/arduino15/packages/arduino/tools/arm-none-eabi-gcc/4.8.3-2014q1/bin/../lib/gcc/arm-none-eabi/4.8.3/../../../../arm-none-eabi/lib/armv7-m\libg.a(lib_a-findfp.o)
                0x00087b50                __sfp_lock_release
 .text.__libc_fini_array
                0x00087b54       0x30 c:/users/moseichuk/appdata/local/arduino15/packages/arduino/tools/arm-none-eabi-gcc/4.8.3-2014q1/bin/../lib/gcc/arm-none-eabi/4.8.3/../../../../arm-none-eabi/lib/armv7-m\libg.a(lib_a-fini.o)
                0x00087b54                __libc_fini_array
 .text._fputwc_r
                0x00087b84       0xc0 c:/users/moseichuk/appdata/local/arduino15/packages/arduino/tools/arm-none-eabi-gcc/4.8.3-2014q1/bin/../lib/gcc/arm-none-eabi/4.8.3/../../../../arm-none-eabi/lib/armv7-m\libg.a(lib_a-fputwc.o)
                0x00087b84                _fputwc_r
 .text._malloc_trim_r
                0x00087c44       0x9c c:/users/moseichuk/appdata/local/arduino15/packages/arduino/tools/arm-none-eabi-gcc/4.8.3-2014q1/bin/../lib/gcc/arm-none-eabi/4.8.3/../../../../arm-none-eabi/lib/armv7-m\libg.a(lib_a-freer.o)
                0x00087c44                _malloc_trim_r
 .text._free_r  0x00087ce0      0x198 c:/users/moseichuk/appdata/local/arduino15/packages/arduino/tools/arm-none-eabi-gcc/4.8.3-2014q1/bin/../lib/gcc/arm-none-eabi/4.8.3/../../../../arm-none-eabi/lib/armv7-m\libg.a(lib_a-freer.o)
                0x00087ce0                _free_r
 .text.__sfvwrite_r
                0x00087e78      0x314 c:/users/moseichuk/appdata/local/arduino15/packages/arduino/tools/arm-none-eabi-gcc/4.8.3-2014q1/bin/../lib/gcc/arm-none-eabi/4.8.3/../../../../arm-none-eabi/lib/armv7-m\libg.a(lib_a-fvwrite.o)
                0x00087e78                __sfvwrite_r
 .text._fwalk   0x0008818c       0x48 c:/users/moseichuk/appdata/local/arduino15/packages/arduino/tools/arm-none-eabi-gcc/4.8.3-2014q1/bin/../lib/gcc/arm-none-eabi/4.8.3/../../../../arm-none-eabi/lib/armv7-m\libg.a(lib_a-fwalk.o)
                0x0008818c                _fwalk
 .text.__locale_charset
                0x000881d4        0x8 c:/users/moseichuk/appdata/local/arduino15/packages/arduino/tools/arm-none-eabi-gcc/4.8.3-2014q1/bin/../lib/gcc/arm-none-eabi/4.8.3/../../../../arm-none-eabi/lib/armv7-m\libg.a(lib_a-locale.o)
                0x000881d4                __locale_charset
 .text.__locale_mb_cur_max
                0x000881dc        0xc c:/users/moseichuk/appdata/local/arduino15/packages/arduino/tools/arm-none-eabi-gcc/4.8.3-2014q1/bin/../lib/gcc/arm-none-eabi/4.8.3/../../../../arm-none-eabi/lib/armv7-m\libg.a(lib_a-locale.o)
                0x000881dc                __locale_mb_cur_max
 .text._localeconv_r
                0x000881e8        0x8 c:/users/moseichuk/appdata/local/arduino15/packages/arduino/tools/arm-none-eabi-gcc/4.8.3-2014q1/bin/../lib/gcc/arm-none-eabi/4.8.3/../../../../arm-none-eabi/lib/armv7-m\libg.a(lib_a-locale.o)
                0x000881e8                _localeconv_r
 .text.__smakebuf_r
                0x000881f0       0xe0 c:/users/moseichuk/appdata/local/arduino15/packages/arduino/tools/arm-none-eabi-gcc/4.8.3-2014q1/bin/../lib/gcc/arm-none-eabi/4.8.3/../../../../arm-none-eabi/lib/armv7-m\libg.a(lib_a-makebuf.o)
                0x000881f0                __smakebuf_r
 .text._malloc_r
                0x000882d0      0x538 c:/users/moseichuk/appdata/local/arduino15/packages/arduino/tools/arm-none-eabi-gcc/4.8.3-2014q1/bin/../lib/gcc/arm-none-eabi/4.8.3/../../../../arm-none-eabi/lib/armv7-m\libg.a(lib_a-mallocr.o)
                0x000882d0                _malloc_r
 .text.memmove  0x00088808       0xcc c:/users/moseichuk/appdata/local/arduino15/packages/arduino/tools/arm-none-eabi-gcc/4.8.3-2014q1/bin/../lib/gcc/arm-none-eabi/4.8.3/../../../../arm-none-eabi/lib/armv7-m\libg.a(lib_a-memmove.o)
                0x00088808                memmove
 .text.__malloc_lock
                0x000888d4        0x4 c:/users/moseichuk/appdata/local/arduino15/packages/arduino/tools/arm-none-eabi-gcc/4.8.3-2014q1/bin/../lib/gcc/arm-none-eabi/4.8.3/../../../../arm-none-eabi/lib/armv7-m\libg.a(lib_a-mlock.o)
                0x000888d4                __malloc_lock
 .text.__malloc_unlock
                0x000888d8        0x4 c:/users/moseichuk/appdata/local/arduino15/packages/arduino/tools/arm-none-eabi-gcc/4.8.3-2014q1/bin/../lib/gcc/arm-none-eabi/4.8.3/../../../../arm-none-eabi/lib/armv7-m\libg.a(lib_a-mlock.o)
                0x000888d8                __malloc_unlock
 .text._Balloc  0x000888dc       0x4c c:/users/moseichuk/appdata/local/arduino15/packages/arduino/tools/arm-none-eabi-gcc/4.8.3-2014q1/bin/../lib/gcc/arm-none-eabi/4.8.3/../../../../arm-none-eabi/lib/armv7-m\libg.a(lib_a-mprec.o)
                0x000888dc                _Balloc
 .text._Bfree   0x00088928       0x14 c:/users/moseichuk/appdata/local/arduino15/packages/arduino/tools/arm-none-eabi-gcc/4.8.3-2014q1/bin/../lib/gcc/arm-none-eabi/4.8.3/../../../../arm-none-eabi/lib/armv7-m\libg.a(lib_a-mprec.o)
                0x00088928                _Bfree
 .text.__multadd
                0x0008893c       0x94 c:/users/moseichuk/appdata/local/arduino15/packages/arduino/tools/arm-none-eabi-gcc/4.8.3-2014q1/bin/../lib/gcc/arm-none-eabi/4.8.3/../../../../arm-none-eabi/lib/armv7-m\libg.a(lib_a-mprec.o)
                0x0008893c                __multadd
 .text.__hi0bits
                0x000889d0       0x40 c:/users/moseichuk/appdata/local/arduino15/packages/arduino/tools/arm-none-eabi-gcc/4.8.3-2014q1/bin/../lib/gcc/arm-none-eabi/4.8.3/../../../../arm-none-eabi/lib/armv7-m\libg.a(lib_a-mprec.o)
                0x000889d0                __hi0bits
 .text.__lo0bits
                0x00088a10       0x5c c:/users/moseichuk/appdata/local/arduino15/packages/arduino/tools/arm-none-eabi-gcc/4.8.3-2014q1/bin/../lib/gcc/arm-none-eabi/4.8.3/../../../../arm-none-eabi/lib/armv7-m\libg.a(lib_a-mprec.o)
                0x00088a10                __lo0bits
 .text.__i2b    0x00088a6c       0x14 c:/users/moseichuk/appdata/local/arduino15/packages/arduino/tools/arm-none-eabi-gcc/4.8.3-2014q1/bin/../lib/gcc/arm-none-eabi/4.8.3/../../../../arm-none-eabi/lib/armv7-m\libg.a(lib_a-mprec.o)
                0x00088a6c                __i2b
 .text.__multiply
                0x00088a80      0x13c c:/users/moseichuk/appdata/local/arduino15/packages/arduino/tools/arm-none-eabi-gcc/4.8.3-2014q1/bin/../lib/gcc/arm-none-eabi/4.8.3/../../../../arm-none-eabi/lib/armv7-m\libg.a(lib_a-mprec.o)
                0x00088a80                __multiply
 .text.__pow5mult
                0x00088bbc       0x9c c:/users/moseichuk/appdata/local/arduino15/packages/arduino/tools/arm-none-eabi-gcc/4.8.3-2014q1/bin/../lib/gcc/arm-none-eabi/4.8.3/../../../../arm-none-eabi/lib/armv7-m\libg.a(lib_a-mprec.o)
                0x00088bbc                __pow5mult
 .text.__lshift
                0x00088c58       0xbc c:/users/moseichuk/appdata/local/arduino15/packages/arduino/tools/arm-none-eabi-gcc/4.8.3-2014q1/bin/../lib/gcc/arm-none-eabi/4.8.3/../../../../arm-none-eabi/lib/armv7-m\libg.a(lib_a-mprec.o)
                0x00088c58                __lshift
 .text.__mcmp   0x00088d14       0x48 c:/users/moseichuk/appdata/local/arduino15/packages/arduino/tools/arm-none-eabi-gcc/4.8.3-2014q1/bin/../lib/gcc/arm-none-eabi/4.8.3/../../../../arm-none-eabi/lib/armv7-m\libg.a(lib_a-mprec.o)
                0x00088d14                __mcmp
 .text.__mdiff  0x00088d5c       0xd8 c:/users/moseichuk/appdata/local/arduino15/packages/arduino/tools/arm-none-eabi-gcc/4.8.3-2014q1/bin/../lib/gcc/arm-none-eabi/4.8.3/../../../../arm-none-eabi/lib/armv7-m\libg.a(lib_a-mprec.o)
                0x00088d5c                __mdiff
 .text.__d2b    0x00088e34       0xbc c:/users/moseichuk/appdata/local/arduino15/packages/arduino/tools/arm-none-eabi-gcc/4.8.3-2014q1/bin/../lib/gcc/arm-none-eabi/4.8.3/../../../../arm-none-eabi/lib/armv7-m\libg.a(lib_a-mprec.o)
                0x00088e34                __d2b
 .text._realloc_r
                0x00088ef0      0x3c0 c:/users/moseichuk/appdata/local/arduino15/packages/arduino/tools/arm-none-eabi-gcc/4.8.3-2014q1/bin/../lib/gcc/arm-none-eabi/4.8.3/../../../../arm-none-eabi/lib/armv7-m\libg.a(lib_a-reallocr.o)
                0x00088ef0                _realloc_r
 .text._sbrk_r  0x000892b0       0x24 c:/users/moseichuk/appdata/local/arduino15/packages/arduino/tools/arm-none-eabi-gcc/4.8.3-2014q1/bin/../lib/gcc/arm-none-eabi/4.8.3/../../../../arm-none-eabi/lib/armv7-m\libg.a(lib_a-sbrkr.o)
                0x000892b0                _sbrk_r
 .text._kill_r  0x000892d4       0x28 c:/users/moseichuk/appdata/local/arduino15/packages/arduino/tools/arm-none-eabi-gcc/4.8.3-2014q1/bin/../lib/gcc/arm-none-eabi/4.8.3/../../../../arm-none-eabi/lib/armv7-m\libg.a(lib_a-signalr.o)
                0x000892d4                _kill_r
 .text.__sread  0x000892fc       0x24 c:/users/moseichuk/appdata/local/arduino15/packages/arduino/tools/arm-none-eabi-gcc/4.8.3-2014q1/bin/../lib/gcc/arm-none-eabi/4.8.3/../../../../arm-none-eabi/lib/armv7-m\libg.a(lib_a-stdio.o)
                0x000892fc                __sread
 .text.__swrite
                0x00089320       0x38 c:/users/moseichuk/appdata/local/arduino15/packages/arduino/tools/arm-none-eabi-gcc/4.8.3-2014q1/bin/../lib/gcc/arm-none-eabi/4.8.3/../../../../arm-none-eabi/lib/armv7-m\libg.a(lib_a-stdio.o)
                0x00089320                __swrite
 .text.__sseek  0x00089358       0x20 c:/users/moseichuk/appdata/local/arduino15/packages/arduino/tools/arm-none-eabi-gcc/4.8.3-2014q1/bin/../lib/gcc/arm-none-eabi/4.8.3/../../../../arm-none-eabi/lib/armv7-m\libg.a(lib_a-stdio.o)
                0x00089358                __sseek
 .text.__sclose
                0x00089378        0x8 c:/users/moseichuk/appdata/local/arduino15/packages/arduino/tools/arm-none-eabi-gcc/4.8.3-2014q1/bin/../lib/gcc/arm-none-eabi/4.8.3/../../../../arm-none-eabi/lib/armv7-m\libg.a(lib_a-stdio.o)
                0x00089378                __sclose
 .text.__ssprint_r
                0x00089380      0x100 c:/users/moseichuk/appdata/local/arduino15/packages/arduino/tools/arm-none-eabi-gcc/4.8.3-2014q1/bin/../lib/gcc/arm-none-eabi/4.8.3/../../../../arm-none-eabi/lib/armv7-m\libg.a(lib_a-svfiprintf.o)
                0x00089380                __ssprint_r
 .text.__swbuf_r
                0x00089480       0xa8 c:/users/moseichuk/appdata/local/arduino15/packages/arduino/tools/arm-none-eabi-gcc/4.8.3-2014q1/bin/../lib/gcc/arm-none-eabi/4.8.3/../../../../arm-none-eabi/lib/armv7-m\libg.a(lib_a-wbuf.o)
                0x00089480                __swbuf_r
 .text._wcrtomb_r
                0x00089528       0x50 c:/users/moseichuk/appdata/local/arduino15/packages/arduino/tools/arm-none-eabi-gcc/4.8.3-2014q1/bin/../lib/gcc/arm-none-eabi/4.8.3/../../../../arm-none-eabi/lib/armv7-m\libg.a(lib_a-wcrtomb.o)
                0x00089528                _wcrtomb_r
 .text.__ascii_wctomb
                0x00089578       0x1c c:/users/moseichuk/appdata/local/arduino15/packages/arduino/tools/arm-none-eabi-gcc/4.8.3-2014q1/bin/../lib/gcc/arm-none-eabi/4.8.3/../../../../arm-none-eabi/lib/armv7-m\libg.a(lib_a-wctomb_r.o)
                0x00089578                __ascii_wctomb
 .text._write_r
                0x00089594       0x28 c:/users/moseichuk/appdata/local/arduino15/packages/arduino/tools/arm-none-eabi-gcc/4.8.3-2014q1/bin/../lib/gcc/arm-none-eabi/4.8.3/../../../../arm-none-eabi/lib/armv7-m\libg.a(lib_a-writer.o)
                0x00089594                _write_r
 .text.__register_exitproc
                0x000895bc       0xa8 c:/users/moseichuk/appdata/local/arduino15/packages/arduino/tools/arm-none-eabi-gcc/4.8.3-2014q1/bin/../lib/gcc/arm-none-eabi/4.8.3/../../../../arm-none-eabi/lib/armv7-m\libg.a(lib_a-__atexit.o)
                0x000895bc                __register_exitproc
 .text._calloc_r
                0x00089664       0x60 c:/users/moseichuk/appdata/local/arduino15/packages/arduino/tools/arm-none-eabi-gcc/4.8.3-2014q1/bin/../lib/gcc/arm-none-eabi/4.8.3/../../../../arm-none-eabi/lib/armv7-m\libg.a(lib_a-callocr.o)
                0x00089664                _calloc_r
 .text._close_r
                0x000896c4       0x24 c:/users/moseichuk/appdata/local/arduino15/packages/arduino/tools/arm-none-eabi-gcc/4.8.3-2014q1/bin/../lib/gcc/arm-none-eabi/4.8.3/../../../../arm-none-eabi/lib/armv7-m\libg.a(lib_a-closer.o)
                0x000896c4                _close_r
 .text._fclose_r
                0x000896e8       0x80 c:/users/moseichuk/appdata/local/arduino15/packages/arduino/tools/arm-none-eabi-gcc/4.8.3-2014q1/bin/../lib/gcc/arm-none-eabi/4.8.3/../../../../arm-none-eabi/lib/armv7-m\libg.a(lib_a-fclose.o)
                0x000896e8                _fclose_r
 .text.fclose   0x00089768       0x10 c:/users/moseichuk/appdata/local/arduino15/packages/arduino/tools/arm-none-eabi-gcc/4.8.3-2014q1/bin/../lib/gcc/arm-none-eabi/4.8.3/../../../../arm-none-eabi/lib/armv7-m\libg.a(lib_a-fclose.o)
                0x00089768                fclose
 .text._fstat_r
                0x00089778       0x28 c:/users/moseichuk/appdata/local/arduino15/packages/arduino/tools/arm-none-eabi-gcc/4.8.3-2014q1/bin/../lib/gcc/arm-none-eabi/4.8.3/../../../../arm-none-eabi/lib/armv7-m\libg.a(lib_a-fstatr.o)
                0x00089778                _fstat_r
 .text._isatty_r
                0x000897a0       0x24 c:/users/moseichuk/appdata/local/arduino15/packages/arduino/tools/arm-none-eabi-gcc/4.8.3-2014q1/bin/../lib/gcc/arm-none-eabi/4.8.3/../../../../arm-none-eabi/lib/armv7-m\libg.a(lib_a-isattyr.o)
                0x000897a0                _isatty_r
 .text._lseek_r
                0x000897c4       0x28 c:/users/moseichuk/appdata/local/arduino15/packages/arduino/tools/arm-none-eabi-gcc/4.8.3-2014q1/bin/../lib/gcc/arm-none-eabi/4.8.3/../../../../arm-none-eabi/lib/armv7-m\libg.a(lib_a-lseekr.o)
                0x000897c4                _lseek_r
 .text._read_r  0x000897ec       0x28 c:/users/moseichuk/appdata/local/arduino15/packages/arduino/tools/arm-none-eabi-gcc/4.8.3-2014q1/bin/../lib/gcc/arm-none-eabi/4.8.3/../../../../arm-none-eabi/lib/armv7-m\libg.a(lib_a-readr.o)
                0x000897ec                _read_r
 .text          0x00089814       0x2c c:/users/moseichuk/appdata/local/arduino15/packages/arduino/tools/arm-none-eabi-gcc/4.8.3-2014q1/bin/../lib/gcc/arm-none-eabi/4.8.3/armv7-m\libgcc.a(_aeabi_uldivmod.o)
                0x00089814                __aeabi_uldivmod
 .text          0x00089840       0x60 c:/users/moseichuk/appdata/local/arduino15/packages/arduino/tools/arm-none-eabi-gcc/4.8.3-2014q1/bin/../lib/gcc/arm-none-eabi/4.8.3/armv7-m\libgcc.a(bpabi.o)
                0x00089840                __gnu_ldivmod_helper
                0x00089870                __gnu_uldivmod_helper
 .text          0x000898a0        0x4 c:/users/moseichuk/appdata/local/arduino15/packages/arduino/tools/arm-none-eabi-gcc/4.8.3-2014q1/bin/../lib/gcc/arm-none-eabi/4.8.3/armv7-m\libgcc.a(_dvmd_tls.o)
                0x000898a0                __aeabi_idiv0
                0x000898a0                __aeabi_ldiv0
 .text          0x000898a4      0x2a0 c:/users/moseichuk/appdata/local/arduino15/packages/arduino/tools/arm-none-eabi-gcc/4.8.3-2014q1/bin/../lib/gcc/arm-none-eabi/4.8.3/armv7-m\libgcc.a(_divdi3.o)
                0x000898a4                __divdi3
 .text          0x00089b44      0x290 c:/users/moseichuk/appdata/local/arduino15/packages/arduino/tools/arm-none-eabi-gcc/4.8.3-2014q1/bin/../lib/gcc/arm-none-eabi/4.8.3/armv7-m\libgcc.a(_udivdi3.o)
                0x00089b44                __udivdi3
 *(.glue_7t)
 .glue_7t       0x00000000        0x0 linker stubs
 *(.glue_7)
 .glue_7        0x00000000        0x0 linker stubs
 *(.rodata .rodata* .gnu.linkonce.r.*)
 *fill*         0x00089dd4        0x4 
 .rodata._ZTV6SdFile
                0x00089dd8       0x10 C:\Users\moseichuk\AppData\Local\Temp\VMBuilds\EGTS_Test_01\arduino_due_x_dbg\Debug\EGTS_Test_01.cpp.o
                0x00089dd8                vtable for SdFile
 .rodata._ZTV5SdFat
                0x00089de8       0x18 C:\Users\moseichuk\AppData\Local\Temp\VMBuilds\EGTS_Test_01\arduino_due_x_dbg\Debug\EGTS_Test_01.cpp.o
                0x00089de8                vtable for SdFat
 .rodata.str1.1
                0x00089e00      0x2c1 C:\Users\moseichuk\AppData\Local\Temp\VMBuilds\EGTS_Test_01\arduino_due_x_dbg\Debug\EGTS_Test_01.cpp.o
 .rodata._ZL9HEX_CHARS
                0x0008a0c1       0x11 C:\Users\moseichuk\AppData\Local\Temp\VMBuilds\EGTS_Test_01\arduino_due_x_dbg\Debug\EGTS_Test_01.cpp.o
 .rodata.CRC8Table
                0x0008a0d2      0x100 C:\Users\moseichuk\AppData\Local\Temp\VMBuilds\EGTS_Test_01\arduino_due_x_dbg\Debug\egts.c.o
                0x0008a0d2                CRC8Table
 .rodata.str1.1
                0x0008a1d2        0x9 C:\Users\moseichuk\AppData\Local\Temp\VMBuilds\EGTS_Test_01\arduino_due_x_dbg\Debug\egts.c.o
                                  0xe (size before relaxing)
 *fill*         0x0008a1db        0x1 
 .rodata.Crc16Table
                0x0008a1dc      0x200 C:\Users\moseichuk\AppData\Local\Temp\VMBuilds\EGTS_Test_01\arduino_due_x_dbg\Debug\egts.c.o
                0x0008a1dc                Crc16Table
 .rodata.g_APinDescription
                0x0008a3dc      0xa2c C:\Users\moseichuk\AppData\Local\Temp\VMBuilds\EGTS_Test_01\arduino_due_x_dbg\Debug\variant\variant.cpp.o
                0x0008a3dc                g_APinDescription
 .rodata        0x0008ae08       0x40 C:\Users\moseichuk\AppData\Local\arduino15\packages\arduino\hardware\sam\1.6.11\variants\arduino_due_x/libsam_sam3x8e_gcc_rel.a(adc.o)
 .rodata.str1.1
                0x0008ae48       0x19 C:\Users\moseichuk\AppData\Local\Temp\VMBuilds\EGTS_Test_01\arduino_due_x_dbg\Debug/core.a(syscalls_sam3.c.o)
 .rodata.str1.1
                0x0008ae61        0xf C:\Users\moseichuk\AppData\Local\Temp\VMBuilds\EGTS_Test_01\arduino_due_x_dbg\Debug/core.a(Print.cpp.o)
 .rodata._ZTV9UARTClass
                0x0008ae70       0x30 C:\Users\moseichuk\AppData\Local\Temp\VMBuilds\EGTS_Test_01\arduino_due_x_dbg\Debug/core.a(UARTClass.cpp.o)
                0x0008ae70                vtable for UARTClass
 .rodata._ZTV10USARTClass
                0x0008aea0       0x30 C:\Users\moseichuk\AppData\Local\Temp\VMBuilds\EGTS_Test_01\arduino_due_x_dbg\Debug/core.a(USARTClass.cpp.o)
                0x0008aea0                vtable for USARTClass
 .rodata.STRING_PRODUCT
                0x0008aed0        0xc C:\Users\moseichuk\AppData\Local\Temp\VMBuilds\EGTS_Test_01\arduino_due_x_dbg\Debug/core.a(USBCore.cpp.o)
                0x0008aed0                STRING_PRODUCT
 .rodata.USB_DeviceDescriptor
                0x0008aedc       0x12 C:\Users\moseichuk\AppData\Local\Temp\VMBuilds\EGTS_Test_01\arduino_due_x_dbg\Debug/core.a(USBCore.cpp.o)
                0x0008aedc                USB_DeviceDescriptor
 .rodata.STRING_LANGUAGE
                0x0008aeee        0x4 C:\Users\moseichuk\AppData\Local\Temp\VMBuilds\EGTS_Test_01\arduino_due_x_dbg\Debug/core.a(USBCore.cpp.o)
                0x0008aeee                STRING_LANGUAGE
 .rodata._ZL18test_packet_buffer
                0x0008aef2       0x35 C:\Users\moseichuk\AppData\Local\Temp\VMBuilds\EGTS_Test_01\arduino_due_x_dbg\Debug/core.a(USBCore.cpp.o)
 .rodata.STRING_MANUFACTURER
                0x0008af27        0xc C:\Users\moseichuk\AppData\Local\Temp\VMBuilds\EGTS_Test_01\arduino_due_x_dbg\Debug/core.a(USBCore.cpp.o)
                0x0008af27                STRING_MANUFACTURER
 .rodata.USB_DeviceDescriptorA
                0x0008af33       0x12 C:\Users\moseichuk\AppData\Local\Temp\VMBuilds\EGTS_Test_01\arduino_due_x_dbg\Debug/core.a(USBCore.cpp.o)
                0x0008af33                USB_DeviceDescriptorA
 .rodata._ZL19USB_DeviceQualifier
                0x0008af45        0x9 C:\Users\moseichuk\AppData\Local\Temp\VMBuilds\EGTS_Test_01\arduino_due_x_dbg\Debug/core.a(USBCore.cpp.o)
 *fill*         0x0008af4e        0x2 
 .rodata._ZTV7Serial_
                0x0008af50       0x28 C:\Users\moseichuk\AppData\Local\Temp\VMBuilds\EGTS_Test_01\arduino_due_x_dbg\Debug/core.a(CDC.cpp.o)
                0x0008af50                vtable for Serial_
 .rodata._ZL18_cdcOtherInterface
                0x0008af78       0x42 C:\Users\moseichuk\AppData\Local\Temp\VMBuilds\EGTS_Test_01\arduino_due_x_dbg\Debug/core.a(CDC.cpp.o)
 .rodata._ZL13_cdcInterface
                0x0008afba       0x42 C:\Users\moseichuk\AppData\Local\Temp\VMBuilds\EGTS_Test_01\arduino_due_x_dbg\Debug/core.a(CDC.cpp.o)
 .rodata.str1.4
                0x0008affc        0x2 c:/users/moseichuk/appdata/local/arduino15/packages/arduino/tools/arm-none-eabi-gcc/4.8.3-2014q1/bin/../lib/gcc/arm-none-eabi/4.8.3/../../../../arm-none-eabi/lib/armv7-m\libg.a(lib_a-impure.o)
                                  0x4 (size before relaxing)
 *fill*         0x0008affe        0x2 
 .rodata._global_impure_ptr
                0x0008b000        0x4 c:/users/moseichuk/appdata/local/arduino15/packages/arduino/tools/arm-none-eabi-gcc/4.8.3-2014q1/bin/../lib/gcc/arm-none-eabi/4.8.3/../../../../arm-none-eabi/lib/armv7-m\libg.a(lib_a-impure.o)
                0x0008b000                _global_impure_ptr
 .rodata.zeroes.6760
                0x0008b004       0x10 c:/users/moseichuk/appdata/local/arduino15/packages/arduino/tools/arm-none-eabi-gcc/4.8.3-2014q1/bin/../lib/gcc/arm-none-eabi/4.8.3/../../../../arm-none-eabi/lib/armv7-m\libg.a(lib_a-svfprintf.o)
 .rodata.str1.4
                0x0008b014       0x42 c:/users/moseichuk/appdata/local/arduino15/packages/arduino/tools/arm-none-eabi-gcc/4.8.3-2014q1/bin/../lib/gcc/arm-none-eabi/4.8.3/../../../../arm-none-eabi/lib/armv7-m\libg.a(lib_a-svfprintf.o)
                                 0x44 (size before relaxing)
 *fill*         0x0008b056        0x2 
 .rodata.blanks.6759
                0x0008b058       0x10 c:/users/moseichuk/appdata/local/arduino15/packages/arduino/tools/arm-none-eabi-gcc/4.8.3-2014q1/bin/../lib/gcc/arm-none-eabi/4.8.3/../../../../arm-none-eabi/lib/armv7-m\libg.a(lib_a-svfprintf.o)
 .rodata.blanks.6717
                0x0008b068       0x10 c:/users/moseichuk/appdata/local/arduino15/packages/arduino/tools/arm-none-eabi-gcc/4.8.3-2014q1/bin/../lib/gcc/arm-none-eabi/4.8.3/../../../../arm-none-eabi/lib/armv7-m\libg.a(lib_a-vfiprintf.o)
 .rodata.str1.4
                0x00000000       0x30 c:/users/moseichuk/appdata/local/arduino15/packages/arduino/tools/arm-none-eabi-gcc/4.8.3-2014q1/bin/../lib/gcc/arm-none-eabi/4.8.3/../../../../arm-none-eabi/lib/armv7-m\libg.a(lib_a-vfiprintf.o)
 .rodata.zeroes.6718
                0x0008b078       0x10 c:/users/moseichuk/appdata/local/arduino15/packages/arduino/tools/arm-none-eabi-gcc/4.8.3-2014q1/bin/../lib/gcc/arm-none-eabi/4.8.3/../../../../arm-none-eabi/lib/armv7-m\libg.a(lib_a-vfiprintf.o)
 .rodata.str1.4
                0x0008b088       0x10 c:/users/moseichuk/appdata/local/arduino15/packages/arduino/tools/arm-none-eabi-gcc/4.8.3-2014q1/bin/../lib/gcc/arm-none-eabi/4.8.3/../../../../arm-none-eabi/lib/armv7-m\libg.a(lib_a-dtoa.o)
                                 0x14 (size before relaxing)
 .rodata.str1.4
                0x0008b098        0xc c:/users/moseichuk/appdata/local/arduino15/packages/arduino/tools/arm-none-eabi-gcc/4.8.3-2014q1/bin/../lib/gcc/arm-none-eabi/4.8.3/../../../../arm-none-eabi/lib/armv7-m\libg.a(lib_a-locale.o)
                                 0x14 (size before relaxing)
 *fill*         0x0008b0a4        0x4 
 .rodata.__mprec_tens
                0x0008b0a8       0xc8 c:/users/moseichuk/appdata/local/arduino15/packages/arduino/tools/arm-none-eabi-gcc/4.8.3-2014q1/bin/../lib/gcc/arm-none-eabi/4.8.3/../../../../arm-none-eabi/lib/armv7-m\libg.a(lib_a-mprec.o)
                0x0008b0a8                __mprec_tens
 .rodata.__mprec_bigtens
                0x0008b170       0x28 c:/users/moseichuk/appdata/local/arduino15/packages/arduino/tools/arm-none-eabi-gcc/4.8.3-2014q1/bin/../lib/gcc/arm-none-eabi/4.8.3/../../../../arm-none-eabi/lib/armv7-m\libg.a(lib_a-mprec.o)
                0x0008b170                __mprec_bigtens
 .rodata.p05.5266
                0x0008b198        0xc c:/users/moseichuk/appdata/local/arduino15/packages/arduino/tools/arm-none-eabi-gcc/4.8.3-2014q1/bin/../lib/gcc/arm-none-eabi/4.8.3/../../../../arm-none-eabi/lib/armv7-m\libg.a(lib_a-mprec.o)